Component: ARM Compiler 5.06 update 5 (build 528) Tool: armlink [4d35e2]

==============================================================================

Section Cross References

    main2.o(i.addCallFunc) refers to nrf_log_frontend.o(i.nrf_log_frontend_std_0) for nrf_log_frontend_std_0
    main2.o(i.addCallFunc) refers to nrf_log_frontend.o(log_dynamic_data) for m_nrf_log_app_logs_data_dynamic
    main2.o(i.addCharacteristic) refers to memseta.o(.text) for __aeabi_memclr4
    main2.o(i.addCharacteristic) refers to nrf_log_frontend.o(i.nrf_log_frontend_std_1) for nrf_log_frontend_std_1
    main2.o(i.addCharacteristic) refers to nrf_log_frontend.o(log_dynamic_data) for m_nrf_log_app_logs_data_dynamic
    main2.o(i.advertising_start) refers to app_error.o(i.app_error_handler_bare) for app_error_handler_bare
    main2.o(i.assert_nrf_callback) refers to app_error.o(i.app_error_handler) for app_error_handler
    main2.o(i.ble_evt_handler) refers to nrf_log_frontend.o(i.nrf_log_frontend_std_0) for nrf_log_frontend_std_0
    main2.o(i.ble_evt_handler) refers to nrf_log_frontend.o(i.nrf_log_frontend_std_1) for nrf_log_frontend_std_1
    main2.o(i.ble_evt_handler) refers to main2.o(i.advertising_start) for advertising_start
    main2.o(i.ble_evt_handler) refers to app_error.o(i.app_error_handler_bare) for app_error_handler_bare
    main2.o(i.ble_evt_handler) refers to memcpya.o(.text) for __aeabi_memcpy
    main2.o(i.ble_evt_handler) refers to main2.o(.data) for .data
    main2.o(i.ble_evt_handler) refers to nrf_log_frontend.o(log_dynamic_data) for m_nrf_log_app_logs_data_dynamic
    main2.o(i.callbackFunc) refers to nrf_log_frontend.o(i.nrf_log_frontend_std_1) for nrf_log_frontend_std_1
    main2.o(i.callbackFunc) refers to nrf_log_frontend.o(log_dynamic_data) for m_nrf_log_app_logs_data_dynamic
    main2.o(i.change_Char_Value) refers to nrf_log_frontend.o(i.nrf_log_frontend_std_0) for nrf_log_frontend_std_0
    main2.o(i.change_Char_Value) refers to nrf_log_frontend.o(log_dynamic_data) for m_nrf_log_app_logs_data_dynamic
    main2.o(i.conn_params_error_handler) refers to app_error.o(i.app_error_handler_bare) for app_error_handler_bare
    main2.o(i.get_Char_Value) refers to memcpya.o(.text) for __aeabi_memcpy
    main2.o(i.main) refers to app_timer.o(i.app_timer_init) for app_timer_init
    main2.o(i.main) refers to app_error.o(i.app_error_handler_bare) for app_error_handler_bare
    main2.o(i.main) refers to nrf_log_frontend.o(i.nrf_log_init) for nrf_log_init
    main2.o(i.main) refers to nrf_log_default_backends.o(i.nrf_log_default_backends_init) for nrf_log_default_backends_init
    main2.o(i.main) refers to nrf_sdh.o(i.nrf_sdh_enable_request) for nrf_sdh_enable_request
    main2.o(i.main) refers to nrf_sdh_ble.o(i.nrf_sdh_ble_default_cfg_set) for nrf_sdh_ble_default_cfg_set
    main2.o(i.main) refers to nrf_sdh_ble.o(i.nrf_sdh_ble_enable) for nrf_sdh_ble_enable
    main2.o(i.main) refers to nrf_ble_gatt.o(i.nrf_ble_gatt_init) for nrf_ble_gatt_init
    main2.o(i.main) refers to main2.o(i.setUUID128) for setUUID128
    main2.o(i.main) refers to main2.o(i.addService) for addService
    main2.o(i.main) refers to main2.o(i.addCharacteristic) for addCharacteristic
    main2.o(i.main) refers to memseta.o(.text) for __aeabi_memclr4
    main2.o(i.main) refers to ble_advdata.o(i.ble_advdata_set) for ble_advdata_set
    main2.o(i.main) refers to ble_conn_params.o(i.ble_conn_params_init) for ble_conn_params_init
    main2.o(i.main) refers to main2.o(i.sensorInit) for sensorInit
    main2.o(i.main) refers to main2.o(i.start_sensor_sample_timer) for start_sensor_sample_timer
    main2.o(i.main) refers to main2.o(i.advertising_start) for advertising_start
    main2.o(i.main) refers to main2.o(i.change_Char_Value) for change_Char_Value
    main2.o(i.main) refers to main2.o(i.sendNotify) for sendNotify
    main2.o(i.main) refers to main2.o(.bss) for .bss
    main2.o(i.main) refers to main2.o(.data) for .data
    main2.o(i.main) refers to main2.o(.constdata) for .constdata
    main2.o(i.main) refers to main2.o(i.on_conn_params_evt) for on_conn_params_evt
    main2.o(i.main) refers to main2.o(i.conn_params_error_handler) for conn_params_error_handler
    main2.o(i.on_conn_params_evt) refers to app_error.o(i.app_error_handler_bare) for app_error_handler_bare
    main2.o(i.on_conn_params_evt) refers to main2.o(.data) for .data
    main2.o(i.sendNotify) refers to nrf_log_frontend.o(i.nrf_log_frontend_std_0) for nrf_log_frontend_std_0
    main2.o(i.sendNotify) refers to main2.o(.data) for .data
    main2.o(i.sendNotify) refers to nrf_log_frontend.o(log_dynamic_data) for m_nrf_log_app_logs_data_dynamic
    main2.o(i.sensorInit) refers to nrf_drv_twi.o(i.nrf_drv_twi_init) for nrf_drv_twi_init
    main2.o(i.sensorInit) refers to nrf_drv_twi.o(i.nrf_drv_twi_enable) for nrf_drv_twi_enable
    main2.o(i.sensorInit) refers to main2.o(.constdata) for .constdata
[...]
    tx_done_event                            0x00027cbf   Thumb Code    28  nrf_drv_uart.o(i.tx_done_event)
    i.uart_evt_handler                       0x00027cdc   Section        0  nrf_log_backend_uart.o(i.uart_evt_handler)
    uart_evt_handler                         0x00027cdd   Thumb Code     8  nrf_log_backend_uart.o(i.uart_evt_handler)
    i.uart_init                              0x00027ce8   Section        0  nrf_log_backend_uart.o(i.uart_init)
    uart_init                                0x00027ce9   Thumb Code    66  nrf_log_backend_uart.o(i.uart_init)
    i.uart_irq_handler                       0x00027d38   Section        0  nrf_drv_uart.o(i.uart_irq_handler)
    uart_irq_handler                         0x00027d39   Thumb Code   286  nrf_drv_uart.o(i.uart_irq_handler)
    i.uarte_irq_handler                      0x00027e56   Section        0  nrf_drv_uart.o(i.uarte_irq_handler)
    uarte_irq_handler                        0x00027e57   Thumb Code   240  nrf_drv_uart.o(i.uarte_irq_handler)
    i.uint16_encode                          0x00027f46   Section        0  ble_advdata.o(i.uint16_encode)
    uint16_encode                            0x00027f47   Thumb Code    10  ble_advdata.o(i.uint16_encode)
    i.unsigned_print                         0x00027f50   Section        0  nrf_fprintf_format.o(i.unsigned_print)
    unsigned_print                           0x00027f51   Thumb Code   176  nrf_fprintf_format.o(i.unsigned_print)
    i.update_timeout_handler                 0x00028004   Section        0  ble_conn_params.o(i.update_timeout_handler)
    update_timeout_handler                   0x00028005   Thumb Code    98  ble_conn_params.o(i.update_timeout_handler)
    i.user_op_alloc                          0x0002806c   Section        0  app_timer.o(i.user_op_alloc)
    user_op_alloc                            0x0002806d   Thumb Code    42  app_timer.o(i.user_op_alloc)
    i.uuid_list_encode                       0x0002809c   Section        0  ble_advdata.o(i.uuid_list_encode)
    uuid_list_encode                         0x0002809d   Thumb Code    48  ble_advdata.o(i.uuid_list_encode)
    i.uuid_list_sized_encode                 0x000280cc   Section        0  ble_advdata.o(i.uuid_list_sized_encode)
    uuid_list_sized_encode                   0x000280cd   Thumb Code   158  ble_advdata.o(i.uuid_list_sized_encode)
    .constdata                               0x0002816c   Section       60  main2.o(.constdata)
    m_twi_master                             0x00028170   Data           8  main2.o(.constdata)
    .constdata                               0x000281a8   Section       22  nrf_ble_gatt.o(.constdata)
    .constdata                               0x000281be   Section      112  nrf_drv_clock.o(.constdata)
    __func__                                 0x000281be   Data          19  nrf_drv_clock.o(.constdata)
    __func__                                 0x000281d1   Data          32  nrf_drv_clock.o(.constdata)
    __func__                                 0x000281f1   Data          32  nrf_drv_clock.o(.constdata)
    __func__                                 0x00028211   Data          29  nrf_drv_clock.o(.constdata)
    .constdata                               0x00028230   Section        4  nrf_drv_gpiote.o(.constdata)
    .constdata                               0x00028234   Section       12  nrf_drv_twi.o(.constdata)
    .constdata                               0x00028240   Section       16  nrf_fprintf_format.o(.constdata)
    _aV2C                                    0x00028240   Data          16  nrf_fprintf_format.o(.constdata)
    .constdata                               0x00028250   Section      260  nrf_strerror.o(.constdata)
    m_unknown_str                            0x00028250   Data          19  nrf_strerror.o(.constdata)
    nrf_strerror_array                       0x00028264   Data         240  nrf_strerror.o(.constdata)
    .constdata                               0x00028354   Section       12  nrf_log_backend_uart.o(.constdata)
    .constdata                               0x00028360   Section       32  nrf_log_backend_uart.o(.constdata)
    .constdata                               0x00028380   Section       20  nrf_log_frontend.o(.constdata)
    mempool                                  0x00028380   Data          20  nrf_log_frontend.o(.constdata)
    .constdata                               0x00028394   Section       16  nrf_sdh.o(.constdata)
    sdh_req_observers_array                  0x00028394   Data          16  nrf_sdh.o(.constdata)
    .constdata                               0x000283a4   Section       40  nrf_sdh.o(.constdata)
    sdh_req_observers                        0x000283a8   Data          12  nrf_sdh.o(.constdata)
    sdh_state_observers                      0x000283b4   Data          12  nrf_sdh.o(.constdata)
    sdh_stack_observers                      0x000283c0   Data          12  nrf_sdh.o(.constdata)
    .constdata                               0x000283cc   Section       16  nrf_sdh.o(.constdata)
    sdh_state_observers_array                0x000283cc   Data          16  nrf_sdh.o(.constdata)
    .constdata                               0x000283dc   Section       16  nrf_sdh.o(.constdata)
    sdh_stack_observers_array                0x000283dc   Data          16  nrf_sdh.o(.constdata)
    .constdata                               0x000283ec   Section       32  nrf_sdh_ble.o(.constdata)
    sdh_ble_observers_array                  0x000283ec   Data          32  nrf_sdh_ble.o(.constdata)
    .constdata                               0x0002840c   Section       16  nrf_sdh_ble.o(.constdata)
    sdh_ble_observers                        0x00028410   Data          12  nrf_sdh_ble.o(.constdata)
    .constdata                               0x0002841c   Section       16  nrf_sdh_soc.o(.constdata)
    sdh_soc_observers_array                  0x0002841c   Data          16  nrf_sdh_soc.o(.constdata)
    .constdata                               0x0002842c   Section       12  nrf_sdh_soc.o(.constdata)
    sdh_soc_observers                        0x0002842c   Data          12  nrf_sdh_soc.o(.constdata)
    .constdata                               0x00028438   Section      129  ctype_o.o(.constdata)
    .constdata                               0x000284bc   Section        4  ctype_o.o(.constdata)
    table                                    0x000284bc   Data           4  ctype_o.o(.constdata)
    .conststring                             0x000284c0   Section      301  nrf_ble_gatt.o(.conststring)
    .conststring                             0x000285f0   Section       72  nrf_section_iter.o(.conststring)
    .conststring                             0x00028638   Section      775  nrf_strerror.o(.conststring)
    .conststring                             0x00028940   Section       75  nrf_log_default_backends.o(.conststring)
    .conststring                             0x0002898c   Section       67  nrf_log_frontend.o(.conststring)
    .conststring                             0x000289d0   Section      102  nrf_log_str_formatter.o(.conststring)
    .conststring                             0x00028a38   Section       72  nrf_sdh.o(.conststring)
    .conststring                             0x00028a80   Section      392  nrf_sdh_ble.o(.conststring)
    .conststrlit                             0x00028c08   Section        9  nrf_ble_gatt.o(.conststrlit)
    .conststrlit                             0x00028c14   Section        6  nrf_drv_clock.o(.conststrlit)
    .conststrlit                             0x00028c1c   Section        7  nrf_drv_gpiote.o(.conststrlit)
    .conststrlit                             0x00028c24   Section        5  nrf_drv_uart.o(.conststrlit)
    .conststrlit                             0x00028c2c   Section        4  nrf_drv_twi.o(.conststrlit)
    .conststrlit                             0x00028c30   Section        6  nrf_drv_timer.o(.conststrlit)
    .conststrlit                             0x00028c38   Section        7  nrf_balloc.o(.conststrlit)
    .conststrlit                             0x00028c40   Section        9  nrf_pwr_mgmt.o(.conststrlit)
    .conststrlit                             0x00028c4c   Section        4  nrf_log_frontend.o(.conststrlit)
    .conststrlit                             0x00028c50   Section        8  nrf_sdh.o(.conststrlit)
    .conststrlit                             0x00028c58   Section       12  nrf_sdh_ble.o(.conststrlit)
    .conststrlit                             0x00028c64   Section       12  nrf_sdh_soc.o(.conststrlit)
    log_const_data                           0x00028c90   Section        8  nrf_ble_gatt.o(log_const_data)
    __tagsym$$used                           0x00028c90   Number         0  nrf_ble_gatt.o(log_const_data)
    log_const_data                           0x00028c98   Section        8  nrf_drv_clock.o(log_const_data)
    __tagsym$$used                           0x00028c98   Number         0  nrf_drv_clock.o(log_const_data)
    log_const_data                           0x00028ca0   Section        8  nrf_drv_gpiote.o(log_const_data)
    __tagsym$$used                           0x00028ca0   Number         0  nrf_drv_gpiote.o(log_const_data)
    log_const_data                           0x00028ca8   Section        8  nrf_drv_uart.o(log_const_data)
    __tagsym$$used                           0x00028ca8   Number         0  nrf_drv_uart.o(log_const_data)
    log_const_data                           0x00028cb0   Section        8  nrf_drv_twi.o(log_const_data)
    __tagsym$$used                           0x00028cb0   Number         0  nrf_drv_twi.o(log_const_data)
    log_const_data                           0x00028cb8   Section        8  nrf_drv_timer.o(log_const_data)
    __tagsym$$used                           0x00028cb8   Number         0  nrf_drv_timer.o(log_const_data)
    log_const_data                           0x00028cc0   Section        8  nrf_balloc.o(log_const_data)
    __tagsym$$used                           0x00028cc0   Number         0  nrf_balloc.o(log_const_data)
    log_const_data                           0x00028cc8   Section        8  nrf_pwr_mgmt.o(log_const_data)
    __tagsym$$used                           0x00028cc8   Number         0  nrf_pwr_mgmt.o(log_const_data)
    log_const_data                           0x00028cd0   Section        8  nrf_log_frontend.o(log_const_data)
    __tagsym$$used                           0x00028cd0   Number         0  nrf_log_frontend.o(log_const_data)
    log_const_data                           0x00028cd8   Section        8  nrf_sdh.o(log_const_data)
    __tagsym$$used                           0x00028cd8   Number         0  nrf_sdh.o(log_const_data)
    log_const_data                           0x00028ce0   Section        8  nrf_sdh_ble.o(log_const_data)
    __tagsym$$used                           0x00028ce0   Number         0  nrf_sdh_ble.o(log_const_data)
    log_const_data                           0x00028ce8   Section        8  nrf_sdh_soc.o(log_const_data)
    __tagsym$$used                           0x00028ce8   Number         0  nrf_sdh_soc.o(log_const_data)
    sdh_ble_observers0                       0x00028cf0   Section        8  ble_conn_state.o(sdh_ble_observers0)
    __tagsym$$used                           0x00028cf0   Number         0  ble_conn_state.o(sdh_ble_observers0)
    m_ble_evt_observer                       0x00028cf0   Data           8  ble_conn_state.o(sdh_ble_observers0)
    sdh_ble_observers1                       0x00028cf8   Section        8  main2.o(sdh_ble_observers1)
    __tagsym$$used                           0x00028cf8   Number         0  main2.o(sdh_ble_observers1)
    m_gatt_obs                               0x00028cf8   Data           8  main2.o(sdh_ble_observers1)
    sdh_ble_observers1                       0x00028d00   Section        8  ble_conn_params.o(sdh_ble_observers1)
    __tagsym$$used                           0x00028d00   Number         0  ble_conn_params.o(sdh_ble_observers1)
    m_ble_observer                           0x00028d00   Data           8  ble_conn_params.o(sdh_ble_observers1)
    sdh_ble_observers2                       0x00028d08   Section        8  main2.o(sdh_ble_observers2)
    __tagsym$$used                           0x00028d08   Number         0  main2.o(sdh_ble_observers2)
    null                                     0x00028d08   Data           8  main2.o(sdh_ble_observers2)
    sdh_ble_observers3                       0x00028d10   Section        8  main2.o(sdh_ble_observers3)
    __tagsym$$used                           0x00028d10   Number         0  main2.o(sdh_ble_observers3)
    m_ble_observer                           0x00028d10   Data           8  main2.o(sdh_ble_observers3)
    sdh_soc_observers0                       0x00028d18   Section        8  nrf_drv_clock.o(sdh_soc_observers0)
    __tagsym$$used                           0x00028d18   Number         0  nrf_drv_clock.o(sdh_soc_observers0)
    m_soc_evt_observer                       0x00028d18   Data           8  nrf_drv_clock.o(sdh_soc_observers0)
    sdh_stack_observers0                     0x00028d20   Section        8  nrf_sdh_ble.o(sdh_stack_observers0)
    __tagsym$$used                           0x00028d20   Number         0  nrf_sdh_ble.o(sdh_stack_observers0)
    m_nrf_sdh_ble_evts_poll                  0x00028d20   Data           8  nrf_sdh_ble.o(sdh_stack_observers0)
    sdh_stack_observers0                     0x00028d28   Section        8  nrf_sdh_soc.o(sdh_stack_observers0)
    __tagsym$$used                           0x00028d28   Number         0  nrf_sdh_soc.o(sdh_stack_observers0)
    m_nrf_sdh_soc_evts_poll                  0x00028d28   Data           8  nrf_sdh_soc.o(sdh_stack_observers0)
    sdh_state_observers0                     0x00028d30   Section        8  nrf_drv_clock.o(sdh_state_observers0)
    __tagsym$$used                           0x00028d30   Number         0  nrf_drv_clock.o(sdh_state_observers0)
    m_sd_state_observer                      0x00028d30   Data           8  nrf_drv_clock.o(sdh_state_observers0)
    .data                                    0x20002180   Section       13  main2.o(.data)
    m_conn_handle                            0x20002182   Data           2  main2.o(.data)
    .data                                    0x2000218d   Section        3  main2.o(.data)
    parameters                               0x2000218d   Data           3  main2.o(.data)
    .data                                    0x20002190   Section        8  ble_conn_params.o(.data)
    m_preferred_conn_params                  0x20002190   Data           8  ble_conn_params.o(.data)
    .data                                    0x20002198   Section       20  app_timer.o(.data)
    m_ticks_elapsed_q_read_ind               0x20002198   Data           1  app_timer.o(.data)
    m_ticks_elapsed_q_write_ind              0x20002199   Data           1  app_timer.o(.data)
    m_rtc1_running                           0x2000219a   Data           1  app_timer.o(.data)
    m_rtc1_reset                             0x2000219b   Data           1  app_timer.o(.data)
    mp_timer_id_head                         0x2000219c   Data           4  app_timer.o(.data)
    m_ticks_latest                           0x200021a0   Data           4  app_timer.o(.data)
    m_ticks_elapsed                          0x200021a4   Data           8  app_timer.o(.data)
    .data                                    0x200021ac   Section       12  nrf_log_backend_uart.o(.data)
    m_xfer_done                              0x200021ac   Data           1  nrf_log_backend_uart.o(.data)
    m_async_mode                             0x200021ad   Data           1  nrf_log_backend_uart.o(.data)
    .data                                    0x200021b8   Section       12  nrf_log_default_backends.o(.data)
    uart_log_backend                         0x200021b8   Data          12  nrf_log_default_backends.o(.data)
    .data                                    0x200021c4   Section        8  nrf_log_frontend.o(.data)
    mempool_nrf_balloc_pool_stack            0x200021c4   Data           8  nrf_log_frontend.o(.data)
    .data                                    0x200021cc   Section        8  nrf_log_frontend.o(.data)
    mempool_nrf_balloc_cb                    0x200021cc   Data           8  nrf_log_frontend.o(.data)
    .data                                    0x200021d4   Section       56  nrf_log_str_formatter.o(.data)
    severity_names                           0x200021d4   Data          20  nrf_log_str_formatter.o(.data)
    m_colors                                 0x200021e8   Data          36  nrf_log_str_formatter.o(.data)
    .data                                    0x2000220c   Section        3  nrf_sdh.o(.data)
    m_nrf_sdh_enabled                        0x2000220c   Data           1  nrf_sdh.o(.data)
    m_nrf_sdh_suspended                      0x2000220d   Data           1  nrf_sdh.o(.data)
    m_nrf_sdh_continue                       0x2000220e   Data           1  nrf_sdh.o(.data)
    .data                                    0x20002210   Section        4  system_nrf52.o(.data)
    __tagsym$$used                           0x20002210   Number         0  system_nrf52.o(.data)
    log_dynamic_data                         0x20002214   Section       12  nrf_ble_gatt.o(log_dynamic_data)
    __tagsym$$used                           0x20002214   Number         0  nrf_ble_gatt.o(log_dynamic_data)
    log_dynamic_data                         0x20002220   Section       12  nrf_drv_clock.o(log_dynamic_data)
    __tagsym$$used                           0x20002220   Number         0  nrf_drv_clock.o(log_dynamic_data)
    log_dynamic_data                         0x2000222c   Section       12  nrf_drv_gpiote.o(log_dynamic_data)
    __tagsym$$used                           0x2000222c   Number         0  nrf_drv_gpiote.o(log_dynamic_data)
    log_dynamic_data                         0x20002238   Section       12  nrf_drv_uart.o(log_dynamic_data)
    __tagsym$$used                           0x20002238   Number         0  nrf_drv_uart.o(log_dynamic_data)
    log_dynamic_data                         0x20002244   Section       12  nrf_drv_twi.o(log_dynamic_data)
    __tagsym$$used                           0x20002244   Number         0  nrf_drv_twi.o(log_dynamic_data)
    log_dynamic_data                         0x20002250   Section       12  nrf_drv_timer.o(log_dynamic_data)
    __tagsym$$used                           0x20002250   Number         0  nrf_drv_timer.o(log_dynamic_data)
    log_dynamic_data                         0x2000225c   Section       12  nrf_balloc.o(log_dynamic_data)
    __tagsym$$used                           0x2000225c   Number         0  nrf_balloc.o(log_dynamic_data)
    log_dynamic_data                         0x20002268   Section       12  nrf_pwr_mgmt.o(log_dynamic_data)
    __tagsym$$used                           0x20002268   Number         0  nrf_pwr_mgmt.o(log_dynamic_data)
    log_dynamic_data                         0x20002274   Section       12  nrf_log_frontend.o(log_dynamic_data)
    __tagsym$$used                           0x20002274   Number         0  nrf_log_frontend.o(log_dynamic_data)
    log_dynamic_data                         0x20002280   Section       12  nrf_sdh.o(log_dynamic_data)
    __tagsym$$used                           0x20002280   Number         0  nrf_sdh.o(log_dynamic_data)
    log_dynamic_data                         0x2000228c   Section       12  nrf_sdh_ble.o(log_dynamic_data)
    __tagsym$$used                           0x2000228c   Number         0  nrf_sdh_ble.o(log_dynamic_data)
    log_dynamic_data                         0x20002298   Section       12  nrf_sdh_soc.o(log_dynamic_data)
    __tagsym$$used                           0x20002298   Number         0  nrf_sdh_soc.o(log_dynamic_data)
    .bss                                     0x200022a4   Section       20  main2.o(.bss)
    m_gatt                                   0x200022a4   Data          20  main2.o(.bss)
    .bss                                     0x200022b8   Section       80  ble_conn_params.o(.bss)
    m_timer_data                             0x200022b8   Data          32  ble_conn_params.o(.bss)
    m_conn_params_instances                  0x200022d8   Data          20  ble_conn_params.o(.bss)
    m_conn_params_config                     0x200022ec   Data          28  ble_conn_params.o(.bss)
    .bss                                     0x20002308   Section      184  ble_conn_state.o(.bss)
    m_bcs                                    0x20002308   Data         184  ble_conn_state.o(.bss)
    .bss                                     0x200023c0   Section       20  nrf_drv_clock.o(.bss)
    m_clock_cb                               0x200023c0   Data          20  nrf_drv_clock.o(.bss)
    .bss                                     0x200023d4   Section       88  nrf_drv_gpiote.o(.bss)
    m_cb                                     0x200023d4   Data          88  nrf_drv_gpiote.o(.bss)
    .bss                                     0x2000242c   Section       32  nrf_drv_uart.o(.bss)
    m_cb                                     0x2000242c   Data          32  nrf_drv_uart.o(.bss)
    .bss                                     0x2000244c   Section       40  nrf_drv_twi.o(.bss)
    m_cb                                     0x2000244c   Data          40  nrf_drv_twi.o(.bss)
    .bss                                     0x20002474   Section       12  nrf_drv_timer.o(.bss)
    m_cb                                     0x20002474   Data          12  nrf_drv_timer.o(.bss)
    .bss                                     0x20002480   Section      268  app_timer.o(.bss)
    m_op_queue                               0x20002480   Data         268  app_timer.o(.bss)
    .bss                                     0x2000258c   Section       12  app_util_platform.o(.bss)
    .bss                                     0x20002598   Section       64  nrf_log_backend_uart.o(.bss)
    m_string_buff                            0x20002598   Data          64  nrf_log_backend_uart.o(.bss)
    .bss                                     0x200025d8   Section      192  nrf_log_frontend.o(.bss)
    mempool_nrf_balloc_pool_mem              0x200025d8   Data         192  nrf_log_frontend.o(.bss)
    .bss                                     0x20002698   Section     1056  nrf_log_frontend.o(.bss)
    m_log_data                               0x20002698   Data        1056  nrf_log_frontend.o(.bss)
    STACK                                    0x20002ab8   Section     8192  arm_startup_nrf52.o(STACK)

    Global Symbols

    Symbol Name                              Value     Ov Type        Size  Object(Section)

    BuildAttributes$$THM_ISAv4$E$P$D$K$B$S$7EM$VFPi3$EXTD16$VFPS$VFMA$PE$A:L22UL41UL21$X:L11$S22US41US21$IEEE1$IW$USESV6$~STKCKD$USESV7$~SHL$OSPACE$EBA8$MICROLIB$REQ8$PRES8$EABIv2 0x00000000   Number         0  anon$$obj.o ABSOLUTE
    __ARM_use_no_argv                        0x00000000   Number         0  main2.o ABSOLUTE
    __use_no_errno                           0x00000000   Number         0  useno.o ABSOLUTE
    __use_no_exception_handling              0x00000000   Number         0  useno.o ABSOLUTE
    __use_no_fp                              0x00000000   Number         0  useno.o ABSOLUTE
    __use_no_heap                            0x00000000   Number         0  useno.o ABSOLUTE
    __use_no_heap_region                     0x00000000   Number         0  useno.o ABSOLUTE
    __use_no_semihosting                     0x00000000   Number         0  useno.o ABSOLUTE
    __use_no_semihosting_swi                 0x00000000   Number         0  useno.o ABSOLUTE
    __use_no_signal_handling                 0x00000000   Number         0  useno.o ABSOLUTE
    __cpp_initialize__aeabi_                  - Undefined Weak Reference
    __cxa_finalize                            - Undefined Weak Reference
    __decompress                              - Undefined Weak Reference
    _clock_init                               - Undefined Weak Reference
    _microlib_exit                            - Undefined Weak Reference
    pwr_mgmt_data0$$Base                      - Undefined Reference
    pwr_mgmt_data0$$Limit                     - Undefined Reference
    pwr_mgmt_data1$$Base                      - Undefined Reference
    pwr_mgmt_data1$$Limit                     - Undefined Reference
    pwr_mgmt_data2$$Base                      - Undefined Reference
    pwr_mgmt_data2$$Limit                     - Undefined Reference
    sdh_req_observers0$$Base                  - Undefined Reference
    sdh_req_observers0$$Limit                 - Undefined Reference
    sdh_req_observers1$$Base                  - Undefined Reference
    sdh_req_observers1$$Limit                 - Undefined Reference
    sdh_soc_observers1$$Base                  - Undefined Reference
    sdh_soc_observers1$$Limit                 - Undefined Reference
    sdh_stack_observers1$$Base                - Undefined Reference
    sdh_stack_observers1$$Limit               - Undefined Reference
    sdh_state_observers1$$Base                - Undefined Reference
    sdh_state_observers1$$Limit               - Undefined Reference
    __Vectors_Size                           0x00000200   Number         0  arm_startup_nrf52.o ABSOLUTE
    __Vectors                                0x00023000   Data           4  arm_startup_nrf52.o(RESET)
    __Vectors_End                            0x00023200   Data           0  arm_startup_nrf52.o(RESET)
    __main                                   0x00023201   Thumb Code     0  entry.o(.ARM.Collect$$$$00000000)
    _main_stk                                0x00023201   Thumb Code     0  entry2.o(.ARM.Collect$$$$00000001)
    _main_scatterload                        0x00023205   Thumb Code     0  entry5.o(.ARM.Collect$$$$00000004)
    __main_after_scatterload                 0x00023209   Thumb Code     0  entry5.o(.ARM.Collect$$$$00000004)
    _main_clock                              0x00023209   Thumb Code     0  entry7b.o(.ARM.Collect$$$$00000008)
    _main_cpp_init                           0x00023209   Thumb Code     0  entry8b.o(.ARM.Collect$$$$0000000A)
    _main_init                               0x00023209   Thumb Code     0  entry9a.o(.ARM.Collect$$$$0000000B)
    __rt_final_cpp                           0x00023211   Thumb Code     0  entry10a.o(.ARM.Collect$$$$0000000D)
    __rt_final_exit                          0x00023211   Thumb Code     0  entry11a.o(.ARM.Collect$$$$0000000F)
    __asm___12_nrf_memobj_c_9bb9f865__nrf_atomic_internal_mov 0x00023215   Thumb Code    24  nrf_memobj.o(.emb_text)
    __asm___12_nrf_memobj_c_9bb9f865__nrf_atomic_internal_orr 0x0002322d   Thumb Code    26  nrf_memobj.o(.emb_text)
    __asm___12_nrf_memobj_c_9bb9f865__nrf_atomic_internal_and 0x00023247   Thumb Code    26  nrf_memobj.o(.emb_text)
    __asm___12_nrf_memobj_c_9bb9f865__nrf_atomic_internal_eor 0x00023261   Thumb Code    26  nrf_memobj.o(.emb_text)
    __asm___12_nrf_memobj_c_9bb9f865__nrf_atomic_internal_add 0x0002327b   Thumb Code    26  nrf_memobj.o(.emb_text)
    __asm___12_nrf_memobj_c_9bb9f865__nrf_atomic_internal_sub 0x00023295   Thumb Code    26  nrf_memobj.o(.emb_text)
    __asm___18_nrf_log_frontend_c_bc460776__nrf_atomic_internal_mov 0x000232b1   Thumb Code    24  nrf_log_frontend.o(.emb_text)
    __asm___18_nrf_log_frontend_c_bc460776__nrf_atomic_internal_orr 0x000232c9   Thumb Code    26  nrf_log_frontend.o(.emb_text)
    __asm___18_nrf_log_frontend_c_bc460776__nrf_atomic_internal_and 0x000232e3   Thumb Code    26  nrf_log_frontend.o(.emb_text)
    __asm___18_nrf_log_frontend_c_bc460776__nrf_atomic_internal_eor 0x000232fd   Thumb Code    26  nrf_log_frontend.o(.emb_text)
    __asm___18_nrf_log_frontend_c_bc460776__nrf_atomic_internal_add 0x00023317   Thumb Code    26  nrf_log_frontend.o(.emb_text)
    __asm___18_nrf_log_frontend_c_bc460776__nrf_atomic_internal_sub 0x00023331   Thumb Code    26  nrf_log_frontend.o(.emb_text)
    Reset_Handler                            0x0002334d   Thumb Code     8  arm_startup_nrf52.o(.text)
    NMI_Handler                              0x00023355   Thumb Code     2  arm_startup_nrf52.o(.text)
    HardFault_Handler                        0x00023357   Thumb Code     2  arm_startup_nrf52.o(.text)
    MemoryManagement_Handler                 0x00023359   Thumb Code     2  arm_startup_nrf52.o(.text)
    BusFault_Handler                         0x0002335b   Thumb Code     2  arm_startup_nrf52.o(.text)
    UsageFault_Handler                       0x0002335d   Thumb Code     2  arm_startup_nrf52.o(.text)
    SVC_Handler                              0x0002335f   Thumb Code     2  arm_startup_nrf52.o(.text)
    DebugMon_Handler                         0x00023361   Thumb Code     2  arm_startup_nrf52.o(.text)
    PendSV_Handler                           0x00023363   Thumb Code     2  arm_startup_nrf52.o(.text)
    SysTick_Handler                          0x00023365   Thumb Code     2  arm_startup_nrf52.o(.text)
    CCM_AAR_IRQHandler                       0x00023367   Thumb Code     0  arm_startup_nrf52.o(.text)
    COMP_LPCOMP_IRQHandler                   0x00023367   Thumb Code     0  arm_startup_nrf52.o(.text)
    ECB_IRQHandler                           0x00023367   Thumb Code     0  arm_startup_nrf52.o(.text)
    FPU_IRQHandler                           0x00023367   Thumb Code     0  arm_startup_nrf52.o(.text)
    I2S_IRQHandler                           0x00023367   Thumb Code     0  arm_startup_nrf52.o(.text)
    MWU_IRQHandler                           0x00023367   Thumb Code     0  arm_startup_nrf52.o(.text)
    NFCT_IRQHandler                          0x00023367   Thumb Code     0  arm_startup_nrf52.o(.text)
    PDM_IRQHandler                           0x00023367   Thumb Code     0  arm_startup_nrf52.o(.text)
    PWM0_IRQHandler                          0x00023367   Thumb Code     0  arm_startup_nrf52.o(.text)
    PWM1_IRQHandler                          0x00023367   Thumb Code     0  arm_startup_nrf52.o(.text)
    PWM2_IRQHandler                          0x00023367   Thumb Code     0  arm_startup_nrf52.o(.text)
    QDEC_IRQHandler                          0x00023367   Thumb Code     0  arm_startup_nrf52.o(.text)
    RADIO_IRQHandler                         0x00023367   Thumb Code     0  arm_startup_nrf52.o(.text)
    RNG_IRQHandler                           0x00023367   Thumb Code     0  arm_startup_nrf52.o(.text)
    RTC0_IRQHandler                          0x00023367   Thumb Code     0  arm_startup_nrf52.o(.text)
    RTC2_IRQHandler                          0x00023367   Thumb Code     0  arm_startup_nrf52.o(.text)
    SAADC_IRQHandler                         0x00023367   Thumb Code     0  arm_startup_nrf52.o(.text)
    SPIM1_SPIS1_TWIM1_TWIS1_SPI1_TWI1_IRQHandler 0x00023367   Thumb Code     0  arm_startup_nrf52.o(.text)
    SPIM2_SPIS2_SPI2_IRQHandler              0x00023367   Thumb Code     0  arm_startup_nrf52.o(.text)
    SWI1_EGU1_IRQHandler                     0x00023367   Thumb Code     0  arm_startup_nrf52.o(.text)
    SWI3_EGU3_IRQHandler                     0x00023367   Thumb Code     0  arm_startup_nrf52.o(.text)
    SWI4_EGU4_IRQHandler                     0x00023367   Thumb Code     0  arm_startup_nrf52.o(.text)
    SWI5_EGU5_IRQHandler                     0x00023367   Thumb Code     0  arm_startup_nrf52.o(.text)
    TEMP_IRQHandler                          0x00023367   Thumb Code     0  arm_startup_nrf52.o(.text)
    TIMER0_IRQHandler                        0x00023367   Thumb Code     0  arm_startup_nrf52.o(.text)
    TIMER2_IRQHandler                        0x00023367   Thumb Code     0  arm_startup_nrf52.o(.text)
    TIMER3_IRQHandler                        0x00023367   Thumb Code     0  arm_startup_nrf52.o(.text)
    TIMER4_IRQHandler                        0x00023367   Thumb Code     0  arm_startup_nrf52.o(.text)
    WDT_IRQHandler                           0x00023367   Thumb Code     0  arm_startup_nrf52.o(.text)
    __rt_ctype_table                         0x00023371   Thumb Code     4  ctype_o.o(.text)
    __aeabi_memcpy                           0x00023379   Thumb Code    36  memcpya.o(.text)
    __aeabi_memcpy4                          0x00023379   Thumb Code     0  memcpya.o(.text)
    __aeabi_memcpy8                          0x00023379   Thumb Code     0  memcpya.o(.text)
    __aeabi_memset                           0x0002339d   Thumb Code    14  memseta.o(.text)
    __aeabi_memset4                          0x0002339d   Thumb Code     0  memseta.o(.text)
    __aeabi_memset8                          0x0002339d   Thumb Code     0  memseta.o(.text)
    __aeabi_memclr                           0x000233ab   Thumb Code     4  memseta.o(.text)
    __aeabi_memclr4                          0x000233ab   Thumb Code     0  memseta.o(.text)
    __aeabi_memclr8                          0x000233ab   Thumb Code     0  memseta.o(.text)
    _memset$wrapper                          0x000233af   Thumb Code    18  memseta.o(.text)
    strlen                                   0x000233c1   Thumb Code    14  strlen.o(.text)
    __scatterload                            0x000233d1   Thumb Code    28  init.o(.text)
    __scatterload_rt2                        0x000233d1   Thumb Code     0  init.o(.text)
    GPIOTE_IRQHandler                        0x000233f5   Thumb Code   370  nrf_drv_gpiote.o(i.GPIOTE_IRQHandler)
    POWER_CLOCK_IRQHandler                   0x000235d5   Thumb Code    84  nrf_drv_clock.o(i.POWER_CLOCK_IRQHandler)
    RTC1_IRQHandler                          0x0002362d   Thumb Code    32  app_timer.o(i.RTC1_IRQHandler)
    SPIM0_SPIS0_TWIM0_TWIS0_SPI0_TWI0_IRQHandler 0x00023651   Thumb Code     8  nrf_drv_twi.o(i.SPIM0_SPIS0_TWIM0_TWIS0_SPI0_TWI0_IRQHandler)
    SWI0_EGU0_IRQHandler                     0x00023661   Thumb Code     4  app_timer.o(i.SWI0_EGU0_IRQHandler)
    SWI2_EGU2_IRQHandler                     0x00023665   Thumb Code     4  nrf_sdh.o(i.SWI2_EGU2_IRQHandler)
    SystemInit                               0x00023669   Thumb Code   726  system_nrf52.o(i.SystemInit)
    TIMER1_IRQHandler                        0x00023985   Thumb Code    68  nrf_drv_timer.o(i.TIMER1_IRQHandler)
    UARTE0_UART0_IRQHandler                  0x000239d1   Thumb Code    20  nrf_drv_uart.o(i.UARTE0_UART0_IRQHandler)
    __scatterload_copy                       0x000239ed   Thumb Code    14  handlers.o(i.__scatterload_copy)
    __scatterload_null                       0x000239fb   Thumb Code     2  handlers.o(i.__scatterload_null)
    __scatterload_zeroinit                   0x000239fd   Thumb Code    14  handlers.o(i.__scatterload_zeroinit)
    addCharacteristic                        0x00023a49   Thumb Code   188  main2.o(i.addCharacteristic)
    addService                               0x00023b1d   Thumb Code    18  main2.o(i.addService)
    app_error_fault_handler                  0x00023b5d   Thumb Code    80  app_error_weak.o(i.app_error_fault_handler)
    app_error_handler                        0x00023bd5   Thumb Code    24  app_error.o(i.app_error_handler)
    app_error_handler_bare                   0x00023bed   Thumb Code    22  app_error.o(i.app_error_handler_bare)
    app_timer_create                         0x00023c05   Thumb Code    32  app_timer.o(i.app_timer_create)
    app_timer_init                           0x00023c29   Thumb Code    70  app_timer.o(i.app_timer_init)
    app_timer_start                          0x00023c7d   Thumb Code   128  app_timer.o(i.app_timer_start)
    app_timer_stop                           0x00023d05   Thumb Code    26  app_timer.o(i.app_timer_stop)
    app_util_critical_region_enter           0x00023d25   Thumb Code    78  app_util_platform.o(i.app_util_critical_region_enter)
    app_util_critical_region_exit            0x00023db1   Thumb Code    66  app_util_platform.o(i.app_util_critical_region_exit)
    assert_nrf_callback                      0x00023ed5   Thumb Code    10  main2.o(i.assert_nrf_callback)
    ble_advdata_encode                       0x00023ee5   Thumb Code   386  ble_advdata.o(i.ble_advdata_encode)
    ble_advdata_set                          0x00024067   Thumb Code   104  ble_advdata.o(i.ble_advdata_set)
    ble_conn_params_init                     0x000240d1   Thumb Code    90  ble_conn_params.o(i.ble_conn_params_init)
    ble_srv_is_notification_enabled          0x000244dd   Thumb Code     8  ble_srv_common.o(i.ble_srv_is_notification_enabled)
    buffer_is_empty                          0x00024569   Thumb Code    16  nrf_log_frontend.o(i.buffer_is_empty)
    callbackFunc                             0x0002457d   Thumb Code    48  main2.o(i.callbackFunc)
    change_Char_Value                        0x000245c5   Thumb Code    38  main2.o(i.change_Char_Value)
    main                                     0x00024c7d   Thumb Code   372  main2.o(i.main)
    nrf_balloc_alloc                         0x00025031   Thumb Code    90  nrf_balloc.o(i.nrf_balloc_alloc)
    nrf_balloc_free                          0x000250ed   Thumb Code    82  nrf_balloc.o(i.nrf_balloc_free)
    nrf_balloc_init                          0x00025175   Thumb Code   110  nrf_balloc.o(i.nrf_balloc_init)
    nrf_ble_gatt_init                        0x00025225   Thumb Code    34  nrf_ble_gatt.o(i.nrf_ble_gatt_init)
    nrf_ble_gatt_on_ble_evt                  0x00025249   Thumb Code   312  nrf_ble_gatt.o(i.nrf_ble_gatt_on_ble_evt)
    nrf_drv_clock_init                       0x000254c9   Thumb Code    90  nrf_drv_clock.o(i.nrf_drv_clock_init)
    nrf_drv_clock_lfclk_release              0x00025555   Thumb Code    68  nrf_drv_clock.o(i.nrf_drv_clock_lfclk_release)
    nrf_drv_common_irq_enable                0x000255e9   Thumb Code    84  nrf_drv_common.o(i.nrf_drv_common_irq_enable)
    nrf_drv_timer_compare                    0x0002568b   Thumb Code    34  nrf_drv_timer.o(i.nrf_drv_timer_compare)
    nrf_drv_timer_enable                     0x000256ad   Thumb Code    52  nrf_drv_timer.o(i.nrf_drv_timer_enable)
    nrf_drv_timer_extended_compare           0x00025719   Thumb Code    42  nrf_drv_timer.o(i.nrf_drv_timer_extended_compare)
    nrf_drv_timer_init                       0x00025745   Thumb Code   358  nrf_drv_timer.o(i.nrf_drv_timer_init)
    nrf_drv_twi_enable                       0x000258f9   Thumb Code    50  nrf_drv_twi.o(i.nrf_drv_twi_enable)
    nrf_drv_twi_init                         0x00025969   Thumb Code   168  nrf_drv_twi.o(i.nrf_drv_twi_init)
    nrf_drv_twi_rx                           0x00025a4d   Thumb Code    32  nrf_drv_twi.o(i.nrf_drv_twi_rx)
    nrf_drv_twi_tx                           0x00025a71   Thumb Code    36  nrf_drv_twi.o(i.nrf_drv_twi_tx)
    nrf_drv_twi_xfer                         0x00025a95   Thumb Code    90  nrf_drv_twi.o(i.nrf_drv_twi_xfer)
    nrf_drv_uart_init                        0x00025b2d   Thumb Code   112  nrf_drv_uart.o(i.nrf_drv_uart_init)
    nrf_drv_uart_tx                          0x00025bd5   Thumb Code   308  nrf_drv_uart.o(i.nrf_drv_uart_tx)
    nrf_drv_uart_tx_in_progress              0x00025d41   Thumb Code    18  nrf_drv_uart.o(i.nrf_drv_uart_tx_in_progress)
    nrf_drv_uart_uninit                      0x00025d59   Thumb Code    74  nrf_drv_uart.o(i.nrf_drv_uart_uninit)
    nrf_fprintf                              0x00025dad   Thumb Code    76  nrf_fprintf.o(i.nrf_fprintf)
    nrf_fprintf_buffer_flush                 0x00025e21   Thumb Code    34  nrf_fprintf.o(i.nrf_fprintf_buffer_flush)
    nrf_fprintf_fmt                          0x00025e6d   Thumb Code   538  nrf_fprintf_format.o(i.nrf_fprintf_fmt)
    nrf_log_backend_add                      0x000262e1   Thumb Code    74  nrf_log_frontend.o(i.nrf_log_backend_add)
    nrf_log_backend_serial_put               0x00026331   Thumb Code   210  nrf_log_backend_serial.o(i.nrf_log_backend_serial_put)
    nrf_log_backend_uart_init                0x00026405   Thumb Code     6  nrf_log_backend_uart.o(i.nrf_log_backend_uart_init)
    nrf_log_color_id_get                     0x0002643d   Thumb Code    42  nrf_log_frontend.o(i.nrf_log_color_id_get)
    nrf_log_default_backends_init            0x0002646d   Thumb Code    34  nrf_log_default_backends.o(i.nrf_log_default_backends_init)
    nrf_log_frontend_dequeue                 0x00026499   Thumb Code   488  nrf_log_frontend.o(i.nrf_log_frontend_dequeue)
    nrf_log_frontend_std_0                   0x00026689   Thumb Code     8  nrf_log_frontend.o(i.nrf_log_frontend_std_0)
    nrf_log_frontend_std_1                   0x00026691   Thumb Code    14  nrf_log_frontend.o(i.nrf_log_frontend_std_1)
    nrf_log_frontend_std_2                   0x0002669f   Thumb Code    16  nrf_log_frontend.o(i.nrf_log_frontend_std_2)
    nrf_log_hexdump_entry_process            0x000266b1   Thumb Code   146  nrf_log_str_formatter.o(i.nrf_log_hexdump_entry_process)
    nrf_log_init                             0x0002675d   Thumb Code    70  nrf_log_frontend.o(i.nrf_log_init)
    nrf_log_module_cnt_get                   0x000267b9   Thumb Code    10  nrf_log_frontend.o(i.nrf_log_module_cnt_get)
    nrf_log_module_name_get                  0x000267cd   Thumb Code    24  nrf_log_frontend.o(i.nrf_log_module_name_get)
    nrf_log_panic                            0x000267e9   Thumb Code    34  nrf_log_frontend.o(i.nrf_log_panic)
    nrf_log_std_entry_process                0x00026811   Thumb Code   182  nrf_log_str_formatter.o(i.nrf_log_std_entry_process)
    nrf_memobj_alloc                         0x000268c7   Thumb Code    96  nrf_memobj.o(i.nrf_memobj_alloc)
    nrf_memobj_free                          0x00026927   Thumb Code    50  nrf_memobj.o(i.nrf_memobj_free)
    nrf_memobj_get                           0x00026959   Thumb Code    14  nrf_memobj.o(i.nrf_memobj_get)
    nrf_memobj_pool_init                     0x00026967   Thumb Code     4  nrf_memobj.o(i.nrf_memobj_pool_init)
    nrf_memobj_put                           0x0002696b   Thumb Code    34  nrf_memobj.o(i.nrf_memobj_put)
    nrf_memobj_read                          0x0002698d   Thumb Code    12  nrf_memobj.o(i.nrf_memobj_read)
    nrf_memobj_write                         0x00026999   Thumb Code    12  nrf_memobj.o(i.nrf_memobj_write)
    nrf_sdh_ble_app_ram_start_get            0x000269a5   Thumb Code    16  nrf_sdh_ble.o(i.nrf_sdh_ble_app_ram_start_get)
    nrf_sdh_ble_default_cfg_set              0x000269b9   Thumb Code   240  nrf_sdh_ble.o(i.nrf_sdh_ble_default_cfg_set)
    nrf_sdh_ble_enable                       0x00026ac1   Thumb Code    96  nrf_sdh_ble.o(i.nrf_sdh_ble_enable)
    nrf_sdh_enable_request                   0x00026bf1   Thumb Code    96  nrf_sdh.o(i.nrf_sdh_enable_request)
    nrf_sdh_evts_poll                        0x00026c5d   Thumb Code    42  nrf_sdh.o(i.nrf_sdh_evts_poll)
    nrf_sdh_is_enabled                       0x00026c8d   Thumb Code     6  nrf_sdh.o(i.nrf_sdh_is_enabled)
    nrf_section_iter_init                    0x00026d29   Thumb Code    42  nrf_section_iter.o(i.nrf_section_iter_init)
    nrf_section_iter_next                    0x00026da5   Thumb Code    78  nrf_section_iter.o(i.nrf_section_iter_next)
    nrf_strerror_find                        0x00026df9   Thumb Code    52  nrf_strerror.o(i.nrf_strerror_find)
    nrf_strerror_get                         0x00026e31   Thumb Code    14  nrf_strerror.o(i.nrf_strerror_get)
    privilege_level_get                      0x000270d1   Thumb Code    26  app_util_platform.o(i.privilege_level_get)
    sdk_mapped_flags_bulk_update_by_key      0x000272b9   Thumb Code    68  sdk_mapped_flags.o(i.sdk_mapped_flags_bulk_update_by_key)
    sdk_mapped_flags_first_key_index_get     0x000272fd   Thumb Code    34  sdk_mapped_flags.o(i.sdk_mapped_flags_first_key_index_get)
    sdk_mapped_flags_key_list_get            0x0002732f   Thumb Code    74  sdk_mapped_flags.o(i.sdk_mapped_flags_key_list_get)
    sdk_mapped_flags_update_by_key           0x00027379   Thumb Code    14  sdk_mapped_flags.o(i.sdk_mapped_flags_update_by_key)
    sendNotify                               0x00027389   Thumb Code    48  main2.o(i.sendNotify)
    sensorInit                               0x000273d5   Thumb Code    38  main2.o(i.sensorInit)
    sensorRead                               0x00027401   Thumb Code    12  main2.o(i.sensorRead)
    sensorWrite                              0x00027411   Thumb Code    20  main2.o(i.sensorWrite)
    sensor_timer_event_handler               0x00027429   Thumb Code    34  main2.o(i.sensor_timer_event_handler)
    setUUID128                               0x00027505   Thumb Code    38  main2.o(i.setUUID128)
    start_sensor_sample_timer                0x0002758d   Thumb Code    94  main2.o(i.start_sensor_sample_timer)
    nrf_log_backend_uart_api                 0x00028354   Data          12  nrf_log_backend_uart.o(.constdata)
    m_ram_start                              0x0002840c   Data           4  nrf_sdh_ble.o(.constdata)
    __ctype_table                            0x00028438   Data         129  ctype_o.o(.constdata)
    Region$$Table$$Base                      0x00028c70   Number         0  anon$$obj.o(Region$$Table)
    Region$$Table$$Limit                     0x00028c90   Number         0  anon$$obj.o(Region$$Table)
    log_const_data$$Base                     0x00028c90   Number         0  nrf_ble_gatt.o(log_const_data)
    m_nrf_log_ble_gatt_logs_data_const       0x00028c90   Data           8  nrf_ble_gatt.o(log_const_data)
    m_nrf_log_clock_logs_data_const          0x00028c98   Data           8  nrf_drv_clock.o(log_const_data)
    m_nrf_log_gpiote_logs_data_const         0x00028ca0   Data           8  nrf_drv_gpiote.o(log_const_data)
    m_nrf_log_uart_logs_data_const           0x00028ca8   Data           8  nrf_drv_uart.o(log_const_data)
    m_nrf_log_twi_logs_data_const            0x00028cb0   Data           8  nrf_drv_twi.o(log_const_data)
    m_nrf_log_timer_logs_data_const          0x00028cb8   Data           8  nrf_drv_timer.o(log_const_data)
    m_nrf_log_balloc_logs_data_const         0x00028cc0   Data           8  nrf_balloc.o(log_const_data)
    m_nrf_log_pwr_mgmt_logs_data_const       0x00028cc8   Data           8  nrf_pwr_mgmt.o(log_const_data)
    m_nrf_log_app_logs_data_const            0x00028cd0   Data           8  nrf_log_frontend.o(log_const_data)
    m_nrf_log_nrf_sdh_logs_data_const        0x00028cd8   Data           8  nrf_sdh.o(log_const_data)
    m_nrf_log_nrf_sdh_ble_logs_data_const    0x00028ce0   Data           8  nrf_sdh_ble.o(log_const_data)
    m_nrf_log_nrf_sdh_soc_logs_data_const    0x00028ce8   Data           8  nrf_sdh_soc.o(log_const_data)
    log_const_data$$Limit                    0x00028cf0   Number         0  nrf_sdh_soc.o(log_const_data)
    sdh_ble_observers0$$Base                 0x00028cf0   Number         0  ble_conn_state.o(sdh_ble_observers0)
    sdh_ble_observers0$$Limit                0x00028cf8   Number         0  ble_conn_state.o(sdh_ble_observers0)
    sdh_ble_observers1$$Base                 0x00028cf8   Number         0  main2.o(sdh_ble_observers1)
    sdh_ble_observers1$$Limit                0x00028d08   Number         0  ble_conn_params.o(sdh_ble_observers1)
    sdh_ble_observers2$$Base                 0x00028d08   Number         0  main2.o(sdh_ble_observers2)
    sdh_ble_observers2$$Limit                0x00028d10   Number         0  main2.o(sdh_ble_observers2)
    sdh_ble_observers3$$Base                 0x00028d10   Number         0  main2.o(sdh_ble_observers3)
    sdh_ble_observers3$$Limit                0x00028d18   Number         0  main2.o(sdh_ble_observers3)
    sdh_soc_observers0$$Base                 0x00028d18   Number         0  nrf_drv_clock.o(sdh_soc_observers0)
    sdh_soc_observers0$$Limit                0x00028d20   Number         0  nrf_drv_clock.o(sdh_soc_observers0)
    sdh_stack_observers0$$Base               0x00028d20   Number         0  nrf_sdh_ble.o(sdh_stack_observers0)
    sdh_stack_observers0$$Limit              0x00028d30   Number         0  nrf_sdh_soc.o(sdh_stack_observers0)
    sdh_state_observers0$$Base               0x00028d30   Number         0  nrf_drv_clock.o(sdh_state_observers0)
    sdh_state_observers0$$Limit              0x00028d38   Number         0  nrf_drv_clock.o(sdh_state_observers0)
    Image$$RW_IRAM1$$Base                    0x20002180   Number         0  anon$$obj.o ABSOLUTE
    refleshTag                               0x20002180   Data           1  main2.o(.data)
    torque_tempeature_handle                 0x20002184   Data           2  main2.o(.data)
    valueBuf                                 0x20002186   Data           7  main2.o(.data)
    m_uart                                   0x200021b0   Data           8  nrf_log_backend_uart.o(.data)
    SystemCoreClock                          0x20002210   Data           4  system_nrf52.o(.data)
    log_dynamic_data$$Base                   0x20002214   Number         0  nrf_ble_gatt.o(log_dynamic_data)
    m_nrf_log_ble_gatt_logs_data_dynamic     0x20002214   Data          12  nrf_ble_gatt.o(log_dynamic_data)
    m_nrf_log_clock_logs_data_dynamic        0x20002220   Data          12  nrf_drv_clock.o(log_dynamic_data)
    m_nrf_log_gpiote_logs_data_dynamic       0x2000222c   Data          12  nrf_drv_gpiote.o(log_dynamic_data)
    m_nrf_log_uart_logs_data_dynamic         0x20002238   Data          12  nrf_drv_uart.o(log_dynamic_data)
    m_nrf_log_twi_logs_data_dynamic          0x20002244   Data          12  nrf_drv_twi.o(log_dynamic_data)
    m_nrf_log_timer_logs_data_dynamic        0x20002250   Data          12  nrf_drv_timer.o(log_dynamic_data)
    m_nrf_log_balloc_logs_data_dynamic       0x2000225c   Data          12  nrf_balloc.o(log_dynamic_data)
    m_nrf_log_pwr_mgmt_logs_data_dynamic     0x20002268   Data          12  nrf_pwr_mgmt.o(log_dynamic_data)
    m_nrf_log_app_logs_data_dynamic          0x20002274   Data          12  nrf_log_frontend.o(log_dynamic_data)
    m_nrf_log_nrf_sdh_logs_data_dynamic      0x20002280   Data          12  nrf_sdh.o(log_dynamic_data)
    m_nrf_log_nrf_sdh_ble_logs_data_dynamic  0x2000228c   Data          12  nrf_sdh_ble.o(log_dynamic_data)
    m_nrf_log_nrf_sdh_soc_logs_data_dynamic  0x20002298   Data          12  nrf_sdh_soc.o(log_dynamic_data)
    nrf_nvic_state                           0x2000258c   Data          12  app_util_platform.o(.bss)
    __initial_sp                             0x20004ab8   Data           0  arm_startup_nrf52.o(STACK)



==============================================================================

Memory Map of the image

  Image Entry point : 0x00023201

  Load Region LR_IROM1 (Base: 0x00023000, Size: 0x00005e5c, Max: 0x0005d000, ABSOLUTE)

    Execution Region ER_IROM1 (Exec base: 0x00023000, Load base: 0x00023000, Size: 0x00005d38, Max: 0x0005d000, ABSOLUTE)

    Exec Addr    Load Addr    Size         Type   Attr      Idx    E Section Name        Object

    0x00023000   0x00023000   0x00000200   Data   RO         4148    RESET               arm_startup_nrf52.o
    0x00023200   0x00023200   0x00000000   Code   RO         4189  * .ARM.Collect$$$$00000000  mc_w.l(entry.o)
    0x00023200   0x00023200   0x00000004   Code   RO         4237    .ARM.Collect$$$$00000001  mc_w.l(entry2.o)
    0x00023204   0x00023204   0x00000004   Code   RO         4240    .ARM.Collect$$$$00000004  mc_w.l(entry5.o)
    0x00023208   0x00023208   0x00000000   Code   RO         4242    .ARM.Collect$$$$00000008  mc_w.l(entry7b.o)
    0x00023208   0x00023208   0x00000000   Code   RO         4244    .ARM.Collect$$$$0000000A  mc_w.l(entry8b.o)
    0x00023208   0x00023208   0x00000008   Code   RO         4245    .ARM.Collect$$$$0000000B  mc_w.l(entry9a.o)
    0x00023210   0x00023210   0x00000000   Code   RO         4247    .ARM.Collect$$$$0000000D  mc_w.l(entry10a.o)
    0x00023210   0x00023210   0x00000000   Code   RO         4249    .ARM.Collect$$$$0000000F  mc_w.l(entry11a.o)
    0x00023210   0x00023210   0x00000004   Code   RO         4238    .ARM.Collect$$$$00002712  mc_w.l(entry2.o)
    0x00023214   0x00023214   0x0000009a   Code   RO         2798    .emb_text           nrf_memobj.o
    0x000232ae   0x000232ae   0x00000002   PAD
    0x000232b0   0x000232b0   0x0000009a   Code   RO         3290    .emb_text           nrf_log_frontend.o
    0x0002334a   0x0002334a   0x00000002   PAD
    0x0002334c   0x0002334c   0x00000024   Code   RO         4149    .text               arm_startup_nrf52.o
    0x00023370   0x00023370   0x00000008   Code   RO         4197    .text               mc_w.l(ctype_o.o)
    0x00023378   0x00023378   0x00000024   Code   RO         4225    .text               mc_w.l(memcpya.o)
    0x0002339c   0x0002339c   0x00000024   Code   RO         4227    .text               mc_w.l(memseta.o)
    0x000233c0   0x000233c0   0x0000000e   Code   RO         4229    .text               mc_w.l(strlen.o)
    0x000233ce   0x000233ce   0x00000002   PAD
    0x000233d0   0x000233d0   0x00000024   Code   RO         4253    .text               mc_w.l(init.o)
    0x000233f4   0x000233f4   0x0000017c   Code   RO         1175    i.GPIOTE_IRQHandler  nrf_drv_gpiote.o
    0x00023570   0x00023570   0x00000016   Code   RO         2316    i.NVIC_ClearPendingIRQ  app_timer.o
    0x00023586   0x00023586   0x00000016   Code   RO         2317    i.NVIC_EnableIRQ    app_timer.o
    0x0002359c   0x0002359c   0x00000016   Code   RO         2318    i.NVIC_SetPendingIRQ  app_timer.o
    0x000235b2   0x000235b2   0x00000020   Code   RO         2319    i.NVIC_SetPriority  app_timer.o
    0x000235d2   0x000235d2   0x00000002   PAD
    0x000235d4   0x000235d4   0x00000058   Code   RO         1003    i.POWER_CLOCK_IRQHandler  nrf_drv_clock.o
    0x0002362c   0x0002362c   0x00000024   Code   RO         2320    i.RTC1_IRQHandler   app_timer.o
    0x00023650   0x00023650   0x00000010   Code   RO         1693    i.SPIM0_SPIS0_TWIM0_TWIS0_SPI0_TWI0_IRQHandler  nrf_drv_twi.o
    0x00023660   0x00023660   0x00000004   Code   RO         2321    i.SWI0_EGU0_IRQHandler  app_timer.o
    0x00023664   0x00023664   0x00000004   Code   RO         3888    i.SWI2_EGU2_IRQHandler  nrf_sdh.o
    0x00023668   0x00023668   0x0000031c   Code   RO         4157    i.SystemInit        system_nrf52.o
    0x00023984   0x00023984   0x0000004c   Code   RO         1968    i.TIMER1_IRQHandler  nrf_drv_timer.o
    0x000239d0   0x000239d0   0x0000001c   Code   RO         1452    i.UARTE0_UART0_IRQHandler  nrf_drv_uart.o
    0x000239ec   0x000239ec   0x0000000e   Code   RO         4257    i.__scatterload_copy  mc_w.l(handlers.o)
    0x000239fa   0x000239fa   0x00000002   Code   RO         4258    i.__scatterload_null  mc_w.l(handlers.o)
    0x000239fc   0x000239fc   0x0000000e   Code   RO         4259    i.__scatterload_zeroinit  mc_w.l(handlers.o)
    0x00023a0a   0x00023a0a   0x00000002   PAD
    0x00023a0c   0x00023a0c   0x00000024   Code   RO         3889    i.__sd_nvic_app_accessible_irq  nrf_sdh.o
    0x00023a30   0x00023a30   0x00000016   Code   RO         3890    i.__sd_nvic_is_app_accessible_priority  nrf_sdh.o
    0x00023a46   0x00023a46   0x00000002   PAD
    0x00023a48   0x00023a48   0x000000d4   Code   RO            5    i.addCharacteristic  main2.o
    0x00023b1c   0x00023b1c   0x00000012   Code   RO            6    i.addService        main2.o
    0x00023b2e   0x00023b2e   0x0000002e   Code   RO            7    i.advertising_start  main2.o
    0x00023b5c   0x00023b5c   0x00000078   Code   RO         2200    i.app_error_fault_handler  app_error_weak.o
    0x00023bd4   0x00023bd4   0x00000018   Code   RO         2160    i.app_error_handler  app_error.o
    0x00023bec   0x00023bec   0x00000016   Code   RO         2161    i.app_error_handler_bare  app_error.o
    0x00023c02   0x00023c02   0x00000002   PAD
    0x00023c04   0x00023c04   0x00000024   Code   RO         2324    i.app_timer_create  app_timer.o
    0x00023c28   0x00023c28   0x00000054   Code   RO         2325    i.app_timer_init    app_timer.o
    0x00023c7c   0x00023c7c   0x00000088   Code   RO         2328    i.app_timer_start   app_timer.o
    0x00023d04   0x00023d04   0x00000020   Code   RO         2329    i.app_timer_stop    app_timer.o
    0x00023d24   0x00023d24   0x0000008c   Code   RO         2488    i.app_util_critical_region_enter  app_util_platform.o
    0x00023db0   0x00023db0   0x0000007c   Code   RO         2489    i.app_util_critical_region_exit  app_util_platform.o
    0x00023e2c   0x00023e2c   0x000000a8   Code   RO         1453    i.apply_config      nrf_drv_uart.o
    0x00023ed4   0x00023ed4   0x00000010   Code   RO            8    i.assert_nrf_callback  main2.o
    0x00023ee4   0x00023ee4   0x00000182   Code   RO          492    i.ble_advdata_encode  ble_advdata.o
    0x00024066   0x00024066   0x00000068   Code   RO          493    i.ble_advdata_set   ble_advdata.o
    0x000240ce   0x000240ce   0x00000002   PAD
    0x000240d0   0x000240d0   0x00000068   Code   RO          570    i.ble_conn_params_init  ble_conn_params.o
    0x00024138   0x00024138   0x00000060   Code   RO          494    i.ble_device_addr_encode  ble_advdata.o
    0x00024198   0x00024198   0x0000013c   Code   RO            9    i.ble_evt_handler   main2.o
    0x000242d4   0x000242d4   0x000000fc   Code   RO          572    i.ble_evt_handler   ble_conn_params.o
    0x000243d0   0x000243d0   0x0000010c   Code   RO          666    i.ble_evt_handler   ble_conn_state.o
    0x000244dc   0x000244dc   0x00000008   Code   RO          802    i.ble_srv_is_notification_enabled  ble_srv_common.o
    0x000244e4   0x000244e4   0x00000064   Code   RO         3291    i.buf_prealloc      nrf_log_frontend.o
    0x00024548   0x00024548   0x0000001e   Code   RO         2758    i.buffer_add        nrf_fprintf_format.o
    0x00024566   0x00024566   0x00000002   PAD
    0x00024568   0x00024568   0x00000014   Code   RO         3292    i.buffer_is_empty   nrf_log_frontend.o
    0x0002457c   0x0002457c   0x00000048   Code   RO           10    i.callbackFunc      main2.o
    0x000245c4   0x000245c4   0x00000030   Code   RO           11    i.change_Char_Value  main2.o
    0x000245f4   0x000245f4   0x00000010   Code   RO         1178    i.channel_port_get  nrf_drv_gpiote.o
    0x00024604   0x00024604   0x00000028   Code   RO         1004    i.clock_clk_started_notify  nrf_drv_clock.o
    0x0002462c   0x0002462c   0x000000ac   Code   RO         2331    i.compare_reg_update  app_timer.o
    0x000246d8   0x000246d8   0x00000088   Code   RO          495    i.conn_int_encode   ble_advdata.o
    0x00024760   0x00024760   0x00000004   Code   RO           12    i.conn_params_error_handler  main2.o
    0x00024764   0x00024764   0x00000048   Code   RO          573    i.conn_params_negotiation  ble_conn_params.o
    0x000247ac   0x000247ac   0x00000040   Code   RO         2332    i.elapsed_ticks_acquire  app_timer.o
    0x000247ec   0x000247ec   0x00000014   Code   RO          574    i.instance_get      ble_conn_params.o
    0x00024800   0x00024800   0x000000a6   Code   RO         2759    i.int_print         nrf_fprintf_format.o
    0x000248a6   0x000248a6   0x00000002   PAD
    0x000248a8   0x000248a8   0x00000078   Code   RO         1454    i.interrupts_enable  nrf_drv_uart.o
    0x00024920   0x00024920   0x000000fc   Code   RO         1694    i.irq_handler_twi   nrf_drv_twi.o
    0x00024a1c   0x00024a1c   0x00000044   Code   RO          575    i.is_conn_params_ok  ble_conn_params.o
    0x00024a60   0x00024a60   0x0000006c   Code   RO         1007    i.lfclk_stop        nrf_drv_clock.o
    0x00024acc   0x00024acc   0x00000014   Code   RO          859    i.link_init         nrf_ble_gatt.o
    0x00024ae0   0x00024ae0   0x000000f8   Code   RO         2333    i.list_insertions_handler  app_timer.o
    0x00024bd8   0x00024bd8   0x000000a4   Code   RO         3294    i.log_skip          nrf_log_frontend.o
    0x00024c7c   0x00024c7c   0x000001a4   Code   RO           14    i.main              main2.o
    0x00024e20   0x00024e20   0x00000064   Code   RO          496    i.manuf_specific_data_encode  ble_advdata.o
    0x00024e84   0x00024e84   0x000000cc   Code   RO         2799    i.memobj_op         nrf_memobj.o
    0x00024f50   0x00024f50   0x00000034   Code   RO         3295    i.module_idx_get    nrf_log_frontend.o
    0x00024f84   0x00024f84   0x0000009c   Code   RO          497    i.name_encode       ble_advdata.o
    0x00025020   0x00025020   0x0000000e   Code   RO         3296    i.nrf_atomic_flag_set  nrf_log_frontend.o
    0x0002502e   0x0002502e   0x00000002   PAD
    0x00025030   0x00025030   0x000000bc   Code   RO         2674    i.nrf_balloc_alloc  nrf_balloc.o
    0x000250ec   0x000250ec   0x00000088   Code   RO         2675    i.nrf_balloc_free   nrf_balloc.o
    0x00025174   0x00025174   0x000000a0   Code   RO         2676    i.nrf_balloc_init   nrf_balloc.o
    0x00025214   0x00025214   0x00000010   Code   RO         1179    i.nrf_bitmask_bit_is_set  nrf_drv_gpiote.o
    0x00025224   0x00025224   0x00000022   Code   RO          865    i.nrf_ble_gatt_init  nrf_ble_gatt.o
    0x00025246   0x00025246   0x00000002   PAD
    0x00025248   0x00025248   0x00000148   Code   RO          866    i.nrf_ble_gatt_on_ble_evt  nrf_ble_gatt.o
    0x00025390   0x00025390   0x0000000e   Code   RO         1008    i.nrf_clock_event_check  nrf_drv_clock.o
    0x0002539e   0x0002539e   0x00000010   Code   RO         1009    i.nrf_clock_event_clear  nrf_drv_clock.o
    0x000253ae   0x000253ae   0x00000002   PAD
    0x000253b0   0x000253b0   0x0000008c   Code   RO         1695    i.nrf_delay_us      nrf_drv_twi.o
    0x0002543c   0x0002543c   0x0000008c   Code   RO         2334    i.nrf_delay_us      app_timer.o
    0x000254c8   0x000254c8   0x0000008c   Code   RO         1016    i.nrf_drv_clock_init  nrf_drv_clock.o
    0x00025554   0x00025554   0x0000007c   Code   RO         1020    i.nrf_drv_clock_lfclk_release  nrf_drv_clock.o
    0x000255d0   0x000255d0   0x00000016   Code   RO         1455    i.nrf_drv_common_irq_disable  nrf_drv_uart.o
    0x000255e6   0x000255e6   0x00000002   PAD
    0x000255e8   0x000255e8   0x0000008c   Code   RO         1879    i.nrf_drv_common_irq_enable  nrf_drv_common.o
    0x00025674   0x00025674   0x00000006   Code   RO         1456    i.nrf_drv_get_IRQn  nrf_drv_uart.o
    0x0002567a   0x0002567a   0x00000010   Code   RO         1457    i.nrf_drv_is_in_RAM  nrf_drv_uart.o
    0x0002568a   0x0002568a   0x00000022   Code   RO         1971    i.nrf_drv_timer_compare  nrf_drv_timer.o
    0x000256ac   0x000256ac   0x0000006c   Code   RO         1975    i.nrf_drv_timer_enable  nrf_drv_timer.o
    0x00025718   0x00025718   0x0000002a   Code   RO         1976    i.nrf_drv_timer_extended_compare  nrf_drv_timer.o
    0x00025742   0x00025742   0x00000002   PAD
    0x00025744   0x00025744   0x000001b4   Code   RO         1978    i.nrf_drv_timer_init  nrf_drv_timer.o
    0x000258f8   0x000258f8   0x00000070   Code   RO         1698    i.nrf_drv_twi_enable  nrf_drv_twi.o
    0x00025968   0x00025968   0x000000e4   Code   RO         1699    i.nrf_drv_twi_init  nrf_drv_twi.o
    0x00025a4c   0x00025a4c   0x00000024   Code   RO         1701    i.nrf_drv_twi_rx    nrf_drv_twi.o
    0x00025a70   0x00025a70   0x00000024   Code   RO         1704    i.nrf_drv_twi_tx    nrf_drv_twi.o
    0x00025a94   0x00025a94   0x00000098   Code   RO         1706    i.nrf_drv_twi_xfer  nrf_drv_twi.o
    0x00025b2c   0x00025b2c   0x000000a8   Code   RO         1459    i.nrf_drv_uart_init  nrf_drv_uart.o
    0x00025bd4   0x00025bd4   0x0000016c   Code   RO         1467    i.nrf_drv_uart_tx   nrf_drv_uart.o
    0x00025d40   0x00025d40   0x00000018   Code   RO         1469    i.nrf_drv_uart_tx_in_progress  nrf_drv_uart.o
    0x00025d58   0x00025d58   0x00000054   Code   RO         1470    i.nrf_drv_uart_uninit  nrf_drv_uart.o
    0x00025dac   0x00025dac   0x00000074   Code   RO         2715    i.nrf_fprintf       nrf_fprintf.o
    0x00025e20   0x00025e20   0x0000004c   Code   RO         2716    i.nrf_fprintf_buffer_flush  nrf_fprintf.o
    0x00025e6c   0x00025e6c   0x00000248   Code   RO         2760    i.nrf_fprintf_fmt   nrf_fprintf_format.o
    0x000260b4   0x000260b4   0x00000032   Code   RO         1471    i.nrf_gpio_cfg      nrf_drv_uart.o
    0x000260e6   0x000260e6   0x00000012   Code   RO         1472    i.nrf_gpio_cfg_default  nrf_drv_uart.o
    0x000260f8   0x000260f8   0x00000012   Code   RO         1473    i.nrf_gpio_cfg_input  nrf_drv_uart.o
    0x0002610a   0x0002610a   0x00000014   Code   RO         1474    i.nrf_gpio_cfg_output  nrf_drv_uart.o
    0x0002611e   0x0002611e   0x00000030   Code   RO         1205    i.nrf_gpio_cfg_sense_set  nrf_drv_gpiote.o
    0x0002614e   0x0002614e   0x00000014   Code   RO         1707    i.nrf_gpio_pin_clear  nrf_drv_twi.o
    0x00026162   0x00026162   0x00000002   PAD
    0x00026164   0x00026164   0x00000044   Code   RO         1207    i.nrf_gpio_pin_port_decode  nrf_drv_gpiote.o
    0x000261a8   0x000261a8   0x00000044   Code   RO         1475    i.nrf_gpio_pin_port_decode  nrf_drv_uart.o
    0x000261ec   0x000261ec   0x00000044   Code   RO         1708    i.nrf_gpio_pin_port_decode  nrf_drv_twi.o
    0x00026230   0x00026230   0x00000014   Code   RO         1476    i.nrf_gpio_pin_set  nrf_drv_uart.o
    0x00026244   0x00026244   0x00000014   Code   RO         1709    i.nrf_gpio_pin_set  nrf_drv_twi.o
    0x00026258   0x00026258   0x00000064   Code   RO         1210    i.nrf_gpio_ports_read  nrf_drv_gpiote.o
    0x000262bc   0x000262bc   0x00000014   Code   RO         1211    i.nrf_gpiote_event_clear  nrf_drv_gpiote.o
    0x000262d0   0x000262d0   0x00000010   Code   RO         1212    i.nrf_gpiote_event_is_set  nrf_drv_gpiote.o
    0x000262e0   0x000262e0   0x00000050   Code   RO         3297    i.nrf_log_backend_add  nrf_log_frontend.o
    0x00026330   0x00026330   0x000000d2   Code   RO         3141    i.nrf_log_backend_serial_put  nrf_log_backend_serial.o
    0x00026402   0x00026402   0x00000002   Code   RO         3181    i.nrf_log_backend_uart_flush  nrf_log_backend_uart.o
    0x00026404   0x00026404   0x00000006   Code   RO         3182    i.nrf_log_backend_uart_init  nrf_log_backend_uart.o
    0x0002640a   0x0002640a   0x00000002   PAD
    0x0002640c   0x0002640c   0x00000018   Code   RO         3183    i.nrf_log_backend_uart_panic_set  nrf_log_backend_uart.o
    0x00026424   0x00026424   0x00000018   Code   RO         3184    i.nrf_log_backend_uart_put  nrf_log_backend_uart.o
    0x0002643c   0x0002643c   0x00000030   Code   RO         3299    i.nrf_log_color_id_get  nrf_log_frontend.o
    0x0002646c   0x0002646c   0x0000002c   Code   RO         3253    i.nrf_log_default_backends_init  nrf_log_default_backends.o
    0x00026498   0x00026498   0x000001f0   Code   RO         3300    i.nrf_log_frontend_dequeue  nrf_log_frontend.o
    0x00026688   0x00026688   0x00000008   Code   RO         3302    i.nrf_log_frontend_std_0  nrf_log_frontend.o
    0x00026690   0x00026690   0x0000000e   Code   RO         3303    i.nrf_log_frontend_std_1  nrf_log_frontend.o
    0x0002669e   0x0002669e   0x00000010   Code   RO         3304    i.nrf_log_frontend_std_2  nrf_log_frontend.o
    0x000266ae   0x000266ae   0x00000002   PAD
    0x000266b0   0x000266b0   0x000000ac   Code   RO         3483    i.nrf_log_hexdump_entry_process  nrf_log_str_formatter.o
    0x0002675c   0x0002675c   0x0000005c   Code   RO         3309    i.nrf_log_init      nrf_log_frontend.o
    0x000267b8   0x000267b8   0x00000014   Code   RO         3310    i.nrf_log_module_cnt_get  nrf_log_frontend.o
    0x000267cc   0x000267cc   0x0000001c   Code   RO         3313    i.nrf_log_module_name_get  nrf_log_frontend.o
    0x000267e8   0x000267e8   0x00000028   Code   RO         3314    i.nrf_log_panic     nrf_log_frontend.o
    0x00026810   0x00026810   0x000000b6   Code   RO         3484    i.nrf_log_std_entry_process  nrf_log_str_formatter.o
    0x000268c6   0x000268c6   0x00000060   Code   RO         2800    i.nrf_memobj_alloc  nrf_memobj.o
    0x00026926   0x00026926   0x00000032   Code   RO         2801    i.nrf_memobj_free   nrf_memobj.o
    0x00026958   0x00026958   0x0000000e   Code   RO         2802    i.nrf_memobj_get    nrf_memobj.o
    0x00026966   0x00026966   0x00000004   Code   RO         2803    i.nrf_memobj_pool_init  nrf_memobj.o
    0x0002696a   0x0002696a   0x00000022   Code   RO         2804    i.nrf_memobj_put    nrf_memobj.o
    0x0002698c   0x0002698c   0x0000000c   Code   RO         2805    i.nrf_memobj_read   nrf_memobj.o
    0x00026998   0x00026998   0x0000000c   Code   RO         2806    i.nrf_memobj_write  nrf_memobj.o
    0x000269a4   0x000269a4   0x00000014   Code   RO         4023    i.nrf_sdh_ble_app_ram_start_get  nrf_sdh_ble.o
    0x000269b8   0x000269b8   0x00000108   Code   RO         4024    i.nrf_sdh_ble_default_cfg_set  nrf_sdh_ble.o
    0x00026ac0   0x00026ac0   0x000000d8   Code   RO         4025    i.nrf_sdh_ble_enable  nrf_sdh_ble.o
    0x00026b98   0x00026b98   0x00000058   Code   RO         4026    i.nrf_sdh_ble_evts_poll  nrf_sdh_ble.o
    0x00026bf0   0x00026bf0   0x0000006c   Code   RO         3892    i.nrf_sdh_enable_request  nrf_sdh.o
    0x00026c5c   0x00026c5c   0x00000030   Code   RO         3893    i.nrf_sdh_evts_poll  nrf_sdh.o
    0x00026c8c   0x00026c8c   0x0000000c   Code   RO         3894    i.nrf_sdh_is_enabled  nrf_sdh.o
    0x00026c98   0x00026c98   0x00000048   Code   RO         4108    i.nrf_sdh_soc_evts_poll  nrf_sdh_soc.o
    0x00026ce0   0x00026ce0   0x00000018   Code   RO         3899    i.nrf_section_iter_get  nrf_sdh.o
    0x00026cf8   0x00026cf8   0x00000018   Code   RO         4027    i.nrf_section_iter_get  nrf_sdh_ble.o
    0x00026d10   0x00026d10   0x00000018   Code   RO         4109    i.nrf_section_iter_get  nrf_sdh_soc.o
    0x00026d28   0x00026d28   0x00000030   Code   RO         2983    i.nrf_section_iter_init  nrf_section_iter.o
    0x00026d58   0x00026d58   0x0000004c   Code   RO         2984    i.nrf_section_iter_item_set  nrf_section_iter.o
    0x00026da4   0x00026da4   0x00000054   Code   RO         2985    i.nrf_section_iter_next  nrf_section_iter.o
    0x00026df8   0x00026df8   0x00000038   Code   RO         3022    i.nrf_strerror_find  nrf_strerror.o
    0x00026e30   0x00026e30   0x00000014   Code   RO         3023    i.nrf_strerror_get  nrf_strerror.o
    0x00026e44   0x00026e44   0x0000000a   Code   RO         1710    i.nrf_twi_event_check  nrf_drv_twi.o
    0x00026e4e   0x00026e4e   0x0000000c   Code   RO         1711    i.nrf_twi_event_clear  nrf_drv_twi.o
    0x00026e5a   0x00026e5a   0x0000000a   Code   RO         1477    i.nrf_uart_event_check  nrf_drv_uart.o
    0x00026e64   0x00026e64   0x0000000c   Code   RO         1478    i.nrf_uart_event_clear  nrf_drv_uart.o
    0x00026e70   0x00026e70   0x0000000c   Code   RO         1479    i.nrf_uart_int_enable_check  nrf_drv_uart.o
    0x00026e7c   0x00026e7c   0x0000000a   Code   RO         1480    i.nrf_uarte_event_check  nrf_drv_uart.o
    0x00026e86   0x00026e86   0x0000000c   Code   RO         1481    i.nrf_uarte_event_clear  nrf_drv_uart.o
    0x00026e92   0x00026e92   0x00000002   PAD
    0x00026e94   0x00026e94   0x0000001c   Code   RO           15    i.on_conn_params_evt  main2.o
    0x00026eb0   0x00026eb0   0x0000009c   Code   RO          867    i.on_connected_evt  nrf_ble_gatt.o
    0x00026f4c   0x00026f4c   0x00000074   Code   RO          868    i.on_exchange_mtu_request_evt  nrf_ble_gatt.o
    0x00026fc0   0x00026fc0   0x00000078   Code   RO         1482    i.pins_to_default   nrf_drv_uart.o
    0x00027038   0x00027038   0x0000003c   Code   RO         3485    i.postfix_process   nrf_log_str_formatter.o
    0x00027074   0x00027074   0x0000005c   Code   RO         3486    i.prefix_process    nrf_log_str_formatter.o
    0x000270d0   0x000270d0   0x0000001a   Code   RO         2493    i.privilege_level_get  app_util_platform.o
    0x000270ea   0x000270ea   0x00000002   PAD
    0x000270ec   0x000270ec   0x0000003c   Code   RO         2335    i.rtc1_stop         app_timer.o
    0x00027128   0x00027128   0x00000032   Code   RO         1483    i.rx_byte           nrf_drv_uart.o
    0x0002715a   0x0002715a   0x00000018   Code   RO         1484    i.rx_done_event     nrf_drv_uart.o
    0x00027172   0x00027172   0x00000042   Code   RO         3900    i.sd_nvic_SetPriority  nrf_sdh.o
    0x000271b4   0x000271b4   0x00000098   Code   RO         1023    i.sd_state_evt_handler  nrf_drv_clock.o
    0x0002724c   0x0002724c   0x00000038   Code   RO         3901    i.sdh_request_observer_notify  nrf_sdh.o
    0x00027284   0x00027284   0x00000034   Code   RO         3902    i.sdh_state_observer_notify  nrf_sdh.o
    0x000272b8   0x000272b8   0x00000044   Code   RO         3055    i.sdk_mapped_flags_bulk_update_by_key  sdk_mapped_flags.o
    0x000272fc   0x000272fc   0x00000022   Code   RO         3056    i.sdk_mapped_flags_first_key_index_get  sdk_mapped_flags.o
    0x0002731e   0x0002731e   0x00000010   Code   RO         3057    i.sdk_mapped_flags_get_by_index  sdk_mapped_flags.o
    0x0002732e   0x0002732e   0x0000004a   Code   RO         3060    i.sdk_mapped_flags_key_list_get  sdk_mapped_flags.o
    0x00027378   0x00027378   0x0000000e   Code   RO         3062    i.sdk_mapped_flags_update_by_key  sdk_mapped_flags.o
    0x00027386   0x00027386   0x00000002   PAD
    0x00027388   0x00027388   0x0000003c   Code   RO           16    i.sendNotify        main2.o
    0x000273c4   0x000273c4   0x00000010   Code   RO          576    i.send_error_evt    ble_conn_params.o
    0x000273d4   0x000273d4   0x0000002c   Code   RO           17    i.sensorInit        main2.o
    0x00027400   0x00027400   0x00000010   Code   RO           18    i.sensorRead        main2.o
    0x00027410   0x00027410   0x00000018   Code   RO           19    i.sensorWrite       main2.o
    0x00027428   0x00027428   0x0000002c   Code   RO           20    i.sensor_timer_event_handler  main2.o
    0x00027454   0x00027454   0x00000028   Code   RO         3185    i.serial_tx         nrf_log_backend_uart.o
    0x0002747c   0x0002747c   0x00000088   Code   RO          498    i.service_data_encode  ble_advdata.o
    0x00027504   0x00027504   0x0000002c   Code   RO           21    i.setUUID128        main2.o
    0x00027530   0x00027530   0x0000000a   Code   RO         1024    i.soc_evt_handler   nrf_drv_clock.o
    0x0002753a   0x0002753a   0x00000002   PAD
    0x0002753c   0x0002753c   0x00000050   Code   RO         3904    i.softdevices_evt_irq_enable  nrf_sdh.o
    0x0002758c   0x0002758c   0x0000007c   Code   RO           22    i.start_sensor_sample_timer  main2.o
    0x00027608   0x00027608   0x000000a8   Code   RO         3316    i.std_n             nrf_log_frontend.o
    0x000276b0   0x000276b0   0x00000080   Code   RO         2336    i.timer_list_handler  app_timer.o
    0x00027730   0x00027730   0x0000003c   Code   RO         2337    i.timer_list_insert  app_timer.o
    0x0002776c   0x0002776c   0x00000060   Code   RO         2338    i.timer_list_remove  app_timer.o
    0x000277cc   0x000277cc   0x00000048   Code   RO         2339    i.timer_stop_op_schedule  app_timer.o
    0x00027814   0x00027814   0x00000074   Code   RO         2340    i.timer_timeouts_check  app_timer.o
    0x00027888   0x00027888   0x000000a4   Code   RO         1712    i.twi_clear_bus     nrf_drv_twi.o
    0x0002792c   0x0002792c   0x0000001e   Code   RO         1713    i.twi_process_error  nrf_drv_twi.o
    0x0002794a   0x0002794a   0x000000c6   Code   RO         1714    i.twi_rx_start_transfer  nrf_drv_twi.o
    0x00027a10   0x00027a10   0x00000028   Code   RO         1715    i.twi_send_byte     nrf_drv_twi.o
    0x00027a38   0x00027a38   0x0000010a   Code   RO         1716    i.twi_transfer      nrf_drv_twi.o
    0x00027b42   0x00027b42   0x000000d0   Code   RO         1717    i.twi_tx_start_transfer  nrf_drv_twi.o
    0x00027c12   0x00027c12   0x0000008c   Code   RO         1718    i.twi_xfer          nrf_drv_twi.o
    0x00027c9e   0x00027c9e   0x00000020   Code   RO         1486    i.tx_byte           nrf_drv_uart.o
    0x00027cbe   0x00027cbe   0x0000001c   Code   RO         1487    i.tx_done_event     nrf_drv_uart.o
    0x00027cda   0x00027cda   0x00000002   PAD
    0x00027cdc   0x00027cdc   0x0000000c   Code   RO         3186    i.uart_evt_handler  nrf_log_backend_uart.o
    0x00027ce8   0x00027ce8   0x00000050   Code   RO         3187    i.uart_init         nrf_log_backend_uart.o
    0x00027d38   0x00027d38   0x0000011e   Code   RO         1488    i.uart_irq_handler  nrf_drv_uart.o
    0x00027e56   0x00027e56   0x000000f0   Code   RO         1489    i.uarte_irq_handler  nrf_drv_uart.o
    0x00027f46   0x00027f46   0x0000000a   Code   RO          499    i.uint16_encode     ble_advdata.o
    0x00027f50   0x00027f50   0x000000b4   Code   RO         2761    i.unsigned_print    nrf_fprintf_format.o
    0x00028004   0x00028004   0x00000068   Code   RO          577    i.update_timeout_handler  ble_conn_params.o
    0x0002806c   0x0002806c   0x00000030   Code   RO         2341    i.user_op_alloc     app_timer.o
    0x0002809c   0x0002809c   0x00000030   Code   RO          500    i.uuid_list_encode  ble_advdata.o
    0x000280cc   0x000280cc   0x0000009e   Code   RO          501    i.uuid_list_sized_encode  ble_advdata.o
    0x0002816a   0x0002816a   0x00000002   PAD
    0x0002816c   0x0002816c   0x0000003c   Data   RO           24    .constdata          main2.o
    0x000281a8   0x000281a8   0x00000016   Data   RO          869    .constdata          nrf_ble_gatt.o
    0x000281be   0x000281be   0x00000070   Data   RO         1026    .constdata          nrf_drv_clock.o
    0x0002822e   0x0002822e   0x00000002   PAD
    0x00028230   0x00028230   0x00000004   Data   RO         1218    .constdata          nrf_drv_gpiote.o
    0x00028234   0x00028234   0x0000000c   Data   RO         1723    .constdata          nrf_drv_twi.o
    0x00028240   0x00028240   0x00000010   Data   RO         2762    .constdata          nrf_fprintf_format.o
    0x00028250   0x00028250   0x00000104   Data   RO         3024    .constdata          nrf_strerror.o
    0x00028354   0x00028354   0x0000000c   Data   RO         3189    .constdata          nrf_log_backend_uart.o
    0x00028360   0x00028360   0x00000020   Data   RO         3190    .constdata          nrf_log_backend_uart.o
    0x00028380   0x00028380   0x00000014   Data   RO         3319    .constdata          nrf_log_frontend.o
    0x00028394   0x00028394   0x00000010   Data   RO         3905    .constdata          nrf_sdh.o
    0x000283a4   0x000283a4   0x00000028   Data   RO         3906    .constdata          nrf_sdh.o
    0x000283cc   0x000283cc   0x00000010   Data   RO         3907    .constdata          nrf_sdh.o
    0x000283dc   0x000283dc   0x00000010   Data   RO         3908    .constdata          nrf_sdh.o
    0x000283ec   0x000283ec   0x00000020   Data   RO         4028    .constdata          nrf_sdh_ble.o
    0x0002840c   0x0002840c   0x00000010   Data   RO         4029    .constdata          nrf_sdh_ble.o
    0x0002841c   0x0002841c   0x00000010   Data   RO         4110    .constdata          nrf_sdh_soc.o
    0x0002842c   0x0002842c   0x0000000c   Data   RO         4111    .constdata          nrf_sdh_soc.o
    0x00028438   0x00028438   0x00000081   Data   RO         4198    .constdata          mc_w.l(ctype_o.o)
    0x000284b9   0x000284b9   0x00000003   PAD
    0x000284bc   0x000284bc   0x00000004   Data   RO         4199    .constdata          mc_w.l(ctype_o.o)
    0x000284c0   0x000284c0   0x0000012d   Data   RO          870    .conststring        nrf_ble_gatt.o
    0x000285ed   0x000285ed   0x00000003   PAD
    0x000285f0   0x000285f0   0x00000048   Data   RO         2986    .conststring        nrf_section_iter.o
    0x00028638   0x00028638   0x00000307   Data   RO         3025    .conststring        nrf_strerror.o
    0x0002893f   0x0002893f   0x00000001   PAD
    0x00028940   0x00028940   0x0000004b   Data   RO         3254    .conststring        nrf_log_default_backends.o
    0x0002898b   0x0002898b   0x00000001   PAD
    0x0002898c   0x0002898c   0x00000043   Data   RO         3321    .conststring        nrf_log_frontend.o
    0x000289cf   0x000289cf   0x00000001   PAD
    0x000289d0   0x000289d0   0x00000066   Data   RO         3487    .conststring        nrf_log_str_formatter.o
    0x00028a36   0x00028a36   0x00000002   PAD
    0x00028a38   0x00028a38   0x00000048   Data   RO         3909    .conststring        nrf_sdh.o
    0x00028a80   0x00028a80   0x00000188   Data   RO         4030    .conststring        nrf_sdh_ble.o
    0x00028c08   0x00028c08   0x00000009   Data   RO          871    .conststrlit        nrf_ble_gatt.o
    0x00028c11   0x00028c11   0x00000003   PAD
    0x00028c14   0x00028c14   0x00000006   Data   RO         1027    .conststrlit        nrf_drv_clock.o
    0x00028c1a   0x00028c1a   0x00000002   PAD
    0x00028c1c   0x00028c1c   0x00000007   Data   RO         1222    .conststrlit        nrf_drv_gpiote.o
    0x00028c23   0x00028c23   0x00000001   PAD
    0x00028c24   0x00028c24   0x00000005   Data   RO         1491    .conststrlit        nrf_drv_uart.o
    0x00028c29   0x00028c29   0x00000003   PAD
    0x00028c2c   0x00028c2c   0x00000004   Data   RO         1724    .conststrlit        nrf_drv_twi.o
    0x00028c30   0x00028c30   0x00000006   Data   RO         1984    .conststrlit        nrf_drv_timer.o
    0x00028c36   0x00028c36   0x00000002   PAD
    0x00028c38   0x00028c38   0x00000007   Data   RO         2677    .conststrlit        nrf_balloc.o
    0x00028c3f   0x00028c3f   0x00000001   PAD
    0x00028c40   0x00028c40   0x00000009   Data   RO         2898    .conststrlit        nrf_pwr_mgmt.o
    0x00028c49   0x00028c49   0x00000003   PAD
    0x00028c4c   0x00028c4c   0x00000004   Data   RO         3322    .conststrlit        nrf_log_frontend.o
    0x00028c50   0x00028c50   0x00000008   Data   RO         3910    .conststrlit        nrf_sdh.o
    0x00028c58   0x00028c58   0x0000000c   Data   RO         4031    .conststrlit        nrf_sdh_ble.o
    0x00028c64   0x00028c64   0x0000000c   Data   RO         4113    .conststrlit        nrf_sdh_soc.o
    0x00028c70   0x00028c70   0x00000020   Data   RO         4255    Region$$Table       anon$$obj.o
    0x00028c90   0x00028c90   0x00000008   Data   RO          872    log_const_data      nrf_ble_gatt.o
    0x00028c98   0x00028c98   0x00000008   Data   RO         1028    log_const_data      nrf_drv_clock.o
    0x00028ca0   0x00028ca0   0x00000008   Data   RO         1223    log_const_data      nrf_drv_gpiote.o
    0x00028ca8   0x00028ca8   0x00000008   Data   RO         1492    log_const_data      nrf_drv_uart.o
    0x00028cb0   0x00028cb0   0x00000008   Data   RO         1725    log_const_data      nrf_drv_twi.o
    0x00028cb8   0x00028cb8   0x00000008   Data   RO         1985    log_const_data      nrf_drv_timer.o
    0x00028cc0   0x00028cc0   0x00000008   Data   RO         2678    log_const_data      nrf_balloc.o
    0x00028cc8   0x00028cc8   0x00000008   Data   RO         2900    log_const_data      nrf_pwr_mgmt.o
    0x00028cd0   0x00028cd0   0x00000008   Data   RO         3326    log_const_data      nrf_log_frontend.o
    0x00028cd8   0x00028cd8   0x00000008   Data   RO         3912    log_const_data      nrf_sdh.o
    0x00028ce0   0x00028ce0   0x00000008   Data   RO         4032    log_const_data      nrf_sdh_ble.o
    0x00028ce8   0x00028ce8   0x00000008   Data   RO         4114    log_const_data      nrf_sdh_soc.o
    0x00028cf0   0x00028cf0   0x00000008   Data   RO          669    sdh_ble_observers0  ble_conn_state.o
    0x00028cf8   0x00028cf8   0x00000008   Data   RO           27    sdh_ble_observers1  main2.o
    0x00028d00   0x00028d00   0x00000008   Data   RO          580    sdh_ble_observers1  ble_conn_params.o
    0x00028d08   0x00028d08   0x00000008   Data   RO           28    sdh_ble_observers2  main2.o
    0x00028d10   0x00028d10   0x00000008   Data   RO           29    sdh_ble_observers3  main2.o
    0x00028d18   0x00028d18   0x00000008   Data   RO         1030    sdh_soc_observers0  nrf_drv_clock.o
    0x00028d20   0x00028d20   0x00000008   Data   RO         4034    sdh_stack_observers0  nrf_sdh_ble.o
    0x00028d28   0x00028d28   0x00000008   Data   RO         4116    sdh_stack_observers0  nrf_sdh_soc.o
    0x00028d30   0x00028d30   0x00000008   Data   RO         1031    sdh_state_observers0  nrf_drv_clock.o


    Execution Region RW_IRAM1 (Exec base: 0x20002180, Load base: 0x00028d38, Size: 0x00002938, Max: 0x0000de80, ABSOLUTE)

    Exec Addr    Load Addr    Size         Type   Attr      Idx    E Section Name        Object

    0x20002180   0x00028d38   0x0000000d   Data   RW           25    .data               main2.o
    0x2000218d   0x00028d45   0x00000003   Data   RW           26    .data               main2.o
    0x20002190   0x00028d48   0x00000008   Data   RW          579    .data               ble_conn_params.o
    0x20002198   0x00028d50   0x00000014   Data   RW         2343    .data               app_timer.o
    0x200021ac   0x00028d64   0x0000000c   Data   RW         3191    .data               nrf_log_backend_uart.o
    0x200021b8   0x00028d70   0x0000000c   Data   RW         3255    .data               nrf_log_default_backends.o
    0x200021c4   0x00028d7c   0x00000008   Data   RW         3324    .data               nrf_log_frontend.o
    0x200021cc   0x00028d84   0x00000008   Data   RW         3325    .data               nrf_log_frontend.o
    0x200021d4   0x00028d8c   0x00000038   Data   RW         3488    .data               nrf_log_str_formatter.o
    0x2000220c   0x00028dc4   0x00000003   Data   RW         3911    .data               nrf_sdh.o
    0x2000220f   0x00028dc7   0x00000001   PAD
    0x20002210   0x00028dc8   0x00000004   Data   RW         4158    .data               system_nrf52.o
    0x20002214   0x00028dcc   0x0000000c   Data   RW          873    log_dynamic_data    nrf_ble_gatt.o
    0x20002220   0x00028dd8   0x0000000c   Data   RW         1029    log_dynamic_data    nrf_drv_clock.o
    0x2000222c   0x00028de4   0x0000000c   Data   RW         1224    log_dynamic_data    nrf_drv_gpiote.o
    0x20002238   0x00028df0   0x0000000c   Data   RW         1493    log_dynamic_data    nrf_drv_uart.o
    0x20002244   0x00028dfc   0x0000000c   Data   RW         1726    log_dynamic_data    nrf_drv_twi.o
    0x20002250   0x00028e08   0x0000000c   Data   RW         1986    log_dynamic_data    nrf_drv_timer.o
    0x2000225c   0x00028e14   0x0000000c   Data   RW         2679    log_dynamic_data    nrf_balloc.o
    0x20002268   0x00028e20   0x0000000c   Data   RW         2901    log_dynamic_data    nrf_pwr_mgmt.o
    0x20002274   0x00028e2c   0x0000000c   Data   RW         3327    log_dynamic_data    nrf_log_frontend.o
    0x20002280   0x00028e38   0x0000000c   Data   RW         3913    log_dynamic_data    nrf_sdh.o
    0x2000228c   0x00028e44   0x0000000c   Data   RW         4033    log_dynamic_data    nrf_sdh_ble.o
    0x20002298   0x00028e50   0x0000000c   Data   RW         4115    log_dynamic_data    nrf_sdh_soc.o
    0x200022a4        -       0x00000014   Zero   RW           23    .bss                main2.o
    0x200022b8        -       0x00000050   Zero   RW          578    .bss                ble_conn_params.o
    0x20002308        -       0x000000b8   Zero   RW          668    .bss                ble_conn_state.o
    0x200023c0        -       0x00000014   Zero   RW         1025    .bss                nrf_drv_clock.o
    0x200023d4        -       0x00000058   Zero   RW         1217    .bss                nrf_drv_gpiote.o
    0x2000242c        -       0x00000020   Zero   RW         1490    .bss                nrf_drv_uart.o
    0x2000244c        -       0x00000028   Zero   RW         1719    .bss                nrf_drv_twi.o
    0x20002474        -       0x0000000c   Zero   RW         1982    .bss                nrf_drv_timer.o
    0x20002480        -       0x0000010c   Zero   RW         2342    .bss                app_timer.o
    0x2000258c        -       0x0000000c   Zero   RW         2494    .bss                app_util_platform.o
    0x20002598        -       0x00000040   Zero   RW         3188    .bss                nrf_log_backend_uart.o
    0x200025d8        -       0x000000c0   Zero   RW         3317    .bss                nrf_log_frontend.o
    0x20002698        -       0x00000420   Zero   RW         3318    .bss                nrf_log_frontend.o
    0x20002ab8        -       0x00002000   Zero   RW         4146    STACK               arm_startup_nrf52.o


==============================================================================

Image component sizes


      Code (inc. data)   RO Data    RW Data    ZI Data      Debug   Object Name

        46          0          0          0          0       3329   app_error.o
       120         40          0          0          0      37185   app_error_weak.o
      1630        122          0         20        268      47863   app_timer.o
       290        120          0          0         12      10092   app_util_platform.o
        36          8        512          0       8192        896   arm_startup_nrf52.o
      1330          0          0          0          0      35971   ble_advdata.o
       636         44          8          8         80      11107   ble_conn_params.o
       268          6          8          0        184       3211   ble_conn_state.o
         8          0          0          0          0       1314   ble_srv_common.o
      1536        244         84         16         20     142673   main2.o
       484        202         15         12          0       3897   nrf_balloc.o
       654         44        340         12          0      38612   nrf_ble_gatt.o
       692        238        142         12         20      50934   nrf_drv_clock.o
       140         56          0          0          0      29659   nrf_drv_common.o
       664        118         19         12         88      20734   nrf_drv_gpiote.o
       696        142         14         12         12      23177   nrf_drv_timer.o
      2148        304         24         12         40      32756   nrf_drv_twi.o
      2030        206         13         12         32      39642   nrf_drv_uart.o
       192         82          0          0          0       3349   nrf_fprintf.o
       960         50         16          0          0       5226   nrf_fprintf_format.o
       210          0          0          0          0      10783   nrf_log_backend_serial.o
       188         36         44         12         64      11702   nrf_log_backend_uart.o
        44         10         75         12          0       2987   nrf_log_default_backends.o
      1514         96         99         28       1248      30043   nrf_log_frontend.o
       506         66        102         56          0       5252   nrf_log_str_formatter.o
       580         60          0          0          0      12555   nrf_memobj.o
         0          0         17         12          0      10581   nrf_pwr_mgmt.o
       508         52        176         15          0      45905   nrf_sdh.o
       612        160        468         12          0      45981   nrf_sdh_ble.o
        96         12         56         12          0       4488   nrf_sdh_soc.o
       208         16         72          0          0       4356   nrf_section_iter.o
        76         10       1035          0          0       2519   nrf_strerror.o
       206          0          0          0          0       5914   sdk_mapped_flags.o
       796         70          0          4          0       2931   system_nrf52.o

    ----------------------------------------------------------------------
     20148       2614       3396        292      10260     737624   Object Totals
         0          0         32          0          0          0   (incl. Generated)
        44          0         25          1          0          0   (incl. Padding)

    ----------------------------------------------------------------------

      Code (inc. data)   RO Data    RW Data    ZI Data      Debug   Library Member Name

         8          4        133          0          0         68   ctype_o.o
         0          0          0          0          0          0   entry.o
         0          0          0          0          0          0   entry10a.o
         0          0          0          0          0          0   entry11a.o
         8          4          0          0          0          0   entry2.o
         4          0          0          0          0          0   entry5.o
         0          0          0          0          0          0   entry7b.o
         0          0          0          0          0          0   entry8b.o
         8          4          0          0          0          0   entry9a.o
        30          0          0          0          0          0   handlers.o
        36          8          0          0          0         68   init.o
        36          0          0          0          0         68   memcpya.o
        36          0          0          0          0        108   memseta.o
        14          0          0          0          0         68   strlen.o

    ----------------------------------------------------------------------
       184         20        136          0          0        380   Library Totals
         4          0          3          0          0          0   (incl. Padding)

    ----------------------------------------------------------------------

      Code (inc. data)   RO Data    RW Data    ZI Data      Debug   Library Name

       180         20        133          0          0        380   mc_w.l

    ----------------------------------------------------------------------
       184         20        136          0          0        380   Library Totals

    ----------------------------------------------------------------------

==============================================================================


      Code (inc. data)   RO Data    RW Data    ZI Data      Debug   

     20332       2634       3532        292      10260     717156   Grand Totals
     20332       2634       3532        292      10260     717156   ELF Image Totals
     20332       2634       3532        292          0          0   ROM Totals

==============================================================================

    Total RO  Size (Code + RO Data)                23864 (  23.30kB)
    Total RW  Size (RW Data + ZI Data)             10552 (  10.30kB)
    Total ROM Size (Code + RO Data + RW Data)      24156 (  23.59kB)

==============================================================================

